******************************************************************************
                  TI ARM Linker PC v18.1.1                     
******************************************************************************
>> Linked Mon Mar 18 17:32:01 2019

OUTPUT FILE NAME:   <ButtonLED_RTOS.out>
ENTRY POINT SYMBOL: "_c_int00_noargs"  address: 000022b9


MEMORY CONFIGURATION

         name            origin    length      used     unused   attr    fill
----------------------  --------  ---------  --------  --------  ----  --------
  FLASH                 00000000   00040000  000023e6  0003dc1a  R  X
  SRAM                  20000000   00008000  0000791d  000006e3  RW X


SEGMENT ALLOCATION MAP

run origin  load origin   length   init length attrs members
----------  ----------- ---------- ----------- ----- -------
00000000    00000000    000023e8   000023e8    r-x
  00000000    00000000    0000026c   0000026c    r-- .intvecs
  0000026c    0000026c    00002146   00002146    r-x .text
  000023b4    000023b4    00000004   00000004    r-- .const
  000023b8    000023b8    00000030   00000030    r-- .cinit
20000000    20000000    00007921   00000000    rw-
  20000000    20000000    000076dc   00000000    rw- .bss
  200076e0    200076e0    00000200   00000000    rw- .stack
  200078e0    200078e0    00000041   00000000    rw- .data


SECTION ALLOCATION MAP

 output                                  attributes/
section   page    origin      length       input sections
--------  ----  ----------  ----------   ----------------
.intvecs   0    00000000    0000026c     
                  00000000    0000026c     tm4c123gh6pm_startup_ccs.obj (.intvecs)

.text      0    0000026c    00002146     
                  0000026c    0000180c     tasks.obj (.text)
                  00001a78    0000013c     port.obj (.text)
                  00001bb4    00000132     driverlib.lib : gpio.obj (.text:GPIOPadConfigSet)
                  00001ce6    0000012a     list.obj (.text)
                  00001e10    000000da     portasm.obj (.text)
                  00001eea    00000002     --HOLE-- [fill = 0]
                  00001eec    0000009c     App.obj (.text)
                  00001f88    0000009c     heap_1.obj (.text)
                  00002024    0000009c     rtsv7M4_T_le_v4SPD16_eabi.lib : memcpy_t2.asm.obj (.text)
                  000020c0    0000007a                                   : memset_t2.asm.obj (.text)
                  0000213a    00000068                                   : copy_decompress_lzss.c.obj (.text:decompress:lzss:__TI_decompress_lzss)
                  000021a2    00000002     --HOLE-- [fill = 0]
                  000021a4    00000054     LEDs.obj (.text)
                  000021f8    00000044     Buttons.obj (.text)
                  0000223c    00000044     rtsv7M4_T_le_v4SPD16_eabi.lib : autoinit.c.obj (.text:__TI_auto_init_nobinit_nopinit:__TI_auto_init_nobinit_nopinit)
                  00002280    00000038     driverlib.lib : sysctl.obj (.text:SysCtlPeripheralReady)
                  000022b8    00000038     rtsv7M4_T_le_v4SPD16_eabi.lib : boot_cortex_m.c.obj (.text:_c_int00_noargs:_c_int00_noargs)
                  000022f0    00000034     driverlib.lib : sysctl.obj (.text:SysCtlPeripheralEnable)
                  00002324    0000002a                   : gpio.obj (.text:GPIODirModeSet)
                  0000234e    00000018                   : gpio.obj (.text:GPIOPinTypeGPIOOutput)
                  00002366    00000012                   : gpio.obj (.text:GPIOPinTypeGPIOInput)
                  00002378    0000000e     rtsv7M4_T_le_v4SPD16_eabi.lib : copy_decompress_none.c.obj (.text:decompress:none:__TI_decompress_none)
                  00002386    0000000c                                   : copy_zero_init.c.obj (.text:decompress:ZI:__TI_zero_init)
                  00002392    0000000c     tm4c123gh6pm_startup_ccs.obj (.text)
                  0000239e    00000006     driverlib.lib : gpio.obj (.text:GPIOPinRead)
                  000023a4    00000006                   : gpio.obj (.text:GPIOPinWrite)
                  000023aa    00000004     rtsv7M4_T_le_v4SPD16_eabi.lib : pre_init.c.obj (.text:_system_pre_init)
                  000023ae    00000004                                   : exit.c.obj (.text:abort:abort)

.const     0    000023b4    00000004     
                  000023b4    00000004     port.obj (.const)

.cinit     0    000023b8    00000030     
                  000023b8    0000000c     (.cinit..data.load) [load image, compression = lzss]
                  000023c4    0000000c     (__TI_handler_table)
                  000023d0    00000008     (.cinit..bss.load) [load image, compression = zero_init]
                  000023d8    00000010     (__TI_cinit_table)

.init_array 
*          0    00000000    00000000     UNINITIALIZED

.bss       0    20000000    000076dc     UNINITIALIZED
                  20000000    00007530     heap_1.obj (.bss:ucHeap)
                  20007530    00000140     tasks.obj (.bss:pxReadyTasksLists)
                  20007670    00000014     tasks.obj (.bss:xDelayedTaskList1)
                  20007684    00000014     tasks.obj (.bss:xDelayedTaskList2)
                  20007698    00000014     tasks.obj (.bss:xPendingReadyList)
                  200076ac    00000014     tasks.obj (.bss:xSuspendedTaskList)
                  200076c0    00000014     tasks.obj (.bss:xTasksWaitingTermination)
                  200076d4    00000008     tasks.obj (.bss)

.data      0    200078e0    00000041     UNINITIALIZED
                  200078e0    00000034     tasks.obj (.data)
                  20007914    00000008     heap_1.obj (.data)
                  2000791c    00000004     port.obj (.data)
                  20007920    00000001     Buttons.obj (.data)

.stack     0    200076e0    00000200     UNINITIALIZED
                  200076e0    00000004     rtsv7M4_T_le_v4SPD16_eabi.lib : boot_cortex_m.c.obj (.stack)
                  200076e4    000001fc     --HOLE--

MODULE SUMMARY

       Module                         code   ro data   rw data
       ------                         ----   -------   -------
    .\
       tm4c123gh6pm_startup_ccs.obj   12     620       0      
       App.obj                        156    0         0      
    +--+------------------------------+------+---------+---------+
       Total:                         168    620       0      
                                                              
    .\Buttons_Handler\
       Buttons.obj                    68     0         1      
    +--+------------------------------+------+---------+---------+
       Total:                         68     0         1      
                                                              
    .\LEDs_Handler\
       LEDs.obj                       84     0         0      
    +--+------------------------------+------+---------+---------+
       Total:                         84     0         0      
                                                              
    .\OS\
       tasks.obj                      6156   0         480    
       list.obj                       298    0         0      
    +--+------------------------------+------+---------+---------+
       Total:                         6454   0         480    
                                                              
    .\OS\Includes\
       heap_1.obj                     156    0         30008  
       port.obj                       316    4         4      
       portasm.obj                    218    0         0      
    +--+------------------------------+------+---------+---------+
       Total:                         690    4         30012  
                                                              
    C:/ti/TivaWare_C_Series-2.1.4.178/driverlib/ccs/Debug/driverlib.lib
       gpio.obj                       402    0         0      
       sysctl.obj                     108    0         0      
    +--+------------------------------+------+---------+---------+
       Total:                         510    0         0      
                                                              
    C:\ti\ccsv8\tools\compiler\ti-cgt-arm_18.1.1.LTS\lib\rtsv7M4_T_le_v4SPD16_eabi.lib
       memcpy_t2.asm.obj              156    0         0      
       memset_t2.asm.obj              122    0         0      
       copy_decompress_lzss.c.obj     104    0         0      
       autoinit.c.obj                 68     0         0      
       boot_cortex_m.c.obj            56     0         0      
       copy_decompress_none.c.obj     14     0         0      
       copy_zero_init.c.obj           12     0         0      
       exit.c.obj                     4      0         0      
       pre_init.c.obj                 4      0         0      
    +--+------------------------------+------+---------+---------+
       Total:                         540    0         0      
                                                              
       Stack:                         0      0         512    
       Linker Generated:              0      48        0      
    +--+------------------------------+------+---------+---------+
       Grand Total:                   8514   672       31005  


LINKER GENERATED COPY TABLES

__TI_cinit_table @ 000023d8 records: 2, size/record: 8, table size: 16
	.data: load addr=000023b8, load size=0000000c bytes, run addr=200078e0, run size=00000041 bytes, compression=lzss
	.bss: load addr=000023d0, load size=00000008 bytes, run addr=20000000, run size=000076dc bytes, compression=zero_init


LINKER GENERATED HANDLER TABLE

__TI_handler_table @ 000023c4 records: 3, size/record: 4, table size: 12
	index: 0, handler: __TI_decompress_lzss
	index: 1, handler: __TI_decompress_none
	index: 2, handler: __TI_zero_init


GLOBAL SYMBOLS: SORTED ALPHABETICALLY BY Name 

address   name                               
-------   ----                               
20007920  ButtonPressedFlag                  
00002211  ButtonTask                         
000023af  C$$EXIT                            
00002325  GPIODirModeSet                     
00001bb5  GPIOPadConfigSet                   
0000239f  GPIOPinRead                        
00002367  GPIOPinTypeGPIOInput               
0000234f  GPIOPinTypeGPIOOutput              
000023a5  GPIOPinWrite                       
000021f9  Init_Buttons                       
000021a5  Init_LEDS                          
000021c1  LEDTask1                           
00002393  ResetISR                           
000022f1  SysCtlPeripheralEnable             
00002281  SysCtlPeripheralReady              
00001eed  TasksInit                          
200078e0  __STACK_END                        
00000200  __STACK_SIZE                       
200078e0  __STACK_TOP                        
000023d8  __TI_CINIT_Base                    
000023e8  __TI_CINIT_Limit                   
000023c4  __TI_Handler_Table_Base            
000023d0  __TI_Handler_Table_Limit           
0000223d  __TI_auto_init_nobinit_nopinit     
0000213b  __TI_decompress_lzss               
00002379  __TI_decompress_none               
ffffffff  __TI_pprof_out_hndl                
ffffffff  __TI_prof_data_size                
ffffffff  __TI_prof_data_start               
00000000  __TI_static_base__                 
00002387  __TI_zero_init                     
000020c1  __aeabi_memclr                     
000020c1  __aeabi_memclr4                    
000020c1  __aeabi_memclr8                    
00002025  __aeabi_memcpy                     
00002025  __aeabi_memcpy4                    
00002025  __aeabi_memcpy8                    
000020c3  __aeabi_memset                     
000020c3  __aeabi_memset4                    
000020c3  __aeabi_memset8                    
ffffffff  __binit__                          
ffffffff  __c_args__                         
UNDEFED   __mpu_init                         
200076e0  __stack                            
000022b9  _c_int00_noargs                    
UNDEFED   _system_post_cinit                 
000023ab  _system_pre_init                   
000023af  abort                              
ffffffff  binit                              
000005dd  eTaskGetState                      
00000000  g_pfnVectors                       
00001f01  main                               
00002025  memcpy                             
000020c9  memset                             
00000b99  pcTaskGetName                      
00001f89  pvPortMalloc                       
000015ab  pvTaskIncrementMutexHeldCount      
200078e0  pxCurrentTCB                       
00001a79  pxPortInitialiseStack              
000023b4  ulMaxSyscallInterruptPriority      
00001e21  ulPortGetIPSR                      
000015c9  ulTaskNotifyTake                   
00001dc9  uxListRemove                       
00000b8d  uxTaskGetNumberOfTasks             
00001285  uxTaskGetStackHighWaterMark        
00000bbd  uxTaskGetSystemState               
00000ffb  uxTaskGetTaskNumber                
0000068d  uxTaskPriorityGet                  
000006b9  uxTaskPriorityGetFromISR           
00001589  uxTaskResetEventItemValue          
00001ce7  vListInitialise                    
00001d17  vListInitialiseItem                
00001d63  vListInsert                        
00001d27  vListInsertEnd                     
00001edd  vPortEnableVFP                     
00001b19  vPortEndScheduler                  
00001b1b  vPortEnterCritical                 
00001b3b  vPortExitCritical                  
00001ff9  vPortFree                          
00002003  vPortInitialiseBlocks              
00001e99  vPortSVCHandler                    
00001b77  vPortSetupTimerInterrupt           
00001eb9  vPortStartFirstTask                
000005a3  vTaskDelay                         
00000513  vTaskDelayUntil                    
00000465  vTaskDelete                        
00000a65  vTaskEndScheduler                  
000010f9  vTaskGetInfo                       
00000f4f  vTaskInternalSetTimeOutState       
00000ff3  vTaskMissedYield                   
000018d1  vTaskNotifyGiveFromISR             
00000df9  vTaskPlaceOnEventList              
00000e15  vTaskPlaceOnUnorderedEventList     
000014b3  vTaskPriorityDisinheritAfterTimeout
00000705  vTaskPrioritySet                   
00000ec9  vTaskRemoveFromUnorderedEventList  
00000925  vTaskResume                        
0000101b  vTaskSetTaskNumber                 
00000f31  vTaskSetTimeOutState               
00000a15  vTaskStartScheduler                
00000811  vTaskSuspend                       
00000a81  vTaskSuspendAll                    
00000d91  vTaskSwitchContext                 
0000200b  xPortGetFreeHeapSize               
00001e39  xPortPendSVHandler                 
00001ae3  xPortStartScheduler                
00001b51  xPortSysTickHandler                
00000f75  xTaskCheckForTimeOut               
0000026d  xTaskCreate                        
000016eb  xTaskGenericNotify                 
000017c5  xTaskGenericNotifyFromISR          
00001301  xTaskGetCurrentTaskHandle          
00000b69  xTaskGetTickCount                  
00000b79  xTaskGetTickCountFromISR           
00000ca5  xTaskIncrementTick                 
0000197d  xTaskNotifyStateClear              
00001649  xTaskNotifyWait                    
00001415  xTaskPriorityDisinherit            
00001335  xTaskPriorityInherit               
00000e45  xTaskRemoveFromEventList           
00000a99  xTaskResumeAll                     
0000098b  xTaskResumeFromISR                 


GLOBAL SYMBOLS: SORTED BY Symbol Address 

address   name                               
-------   ----                               
00000000  __TI_static_base__                 
00000000  g_pfnVectors                       
00000200  __STACK_SIZE                       
0000026d  xTaskCreate                        
00000465  vTaskDelete                        
00000513  vTaskDelayUntil                    
000005a3  vTaskDelay                         
000005dd  eTaskGetState                      
0000068d  uxTaskPriorityGet                  
000006b9  uxTaskPriorityGetFromISR           
00000705  vTaskPrioritySet                   
00000811  vTaskSuspend                       
00000925  vTaskResume                        
0000098b  xTaskResumeFromISR                 
00000a15  vTaskStartScheduler                
00000a65  vTaskEndScheduler                  
00000a81  vTaskSuspendAll                    
00000a99  xTaskResumeAll                     
00000b69  xTaskGetTickCount                  
00000b79  xTaskGetTickCountFromISR           
00000b8d  uxTaskGetNumberOfTasks             
00000b99  pcTaskGetName                      
00000bbd  uxTaskGetSystemState               
00000ca5  xTaskIncrementTick                 
00000d91  vTaskSwitchContext                 
00000df9  vTaskPlaceOnEventList              
00000e15  vTaskPlaceOnUnorderedEventList     
00000e45  xTaskRemoveFromEventList           
00000ec9  vTaskRemoveFromUnorderedEventList  
00000f31  vTaskSetTimeOutState               
00000f4f  vTaskInternalSetTimeOutState       
00000f75  xTaskCheckForTimeOut               
00000ff3  vTaskMissedYield                   
00000ffb  uxTaskGetTaskNumber                
0000101b  vTaskSetTaskNumber                 
000010f9  vTaskGetInfo                       
00001285  uxTaskGetStackHighWaterMark        
00001301  xTaskGetCurrentTaskHandle          
00001335  xTaskPriorityInherit               
00001415  xTaskPriorityDisinherit            
000014b3  vTaskPriorityDisinheritAfterTimeout
00001589  uxTaskResetEventItemValue          
000015ab  pvTaskIncrementMutexHeldCount      
000015c9  ulTaskNotifyTake                   
00001649  xTaskNotifyWait                    
000016eb  xTaskGenericNotify                 
000017c5  xTaskGenericNotifyFromISR          
000018d1  vTaskNotifyGiveFromISR             
0000197d  xTaskNotifyStateClear              
00001a79  pxPortInitialiseStack              
00001ae3  xPortStartScheduler                
00001b19  vPortEndScheduler                  
00001b1b  vPortEnterCritical                 
00001b3b  vPortExitCritical                  
00001b51  xPortSysTickHandler                
00001b77  vPortSetupTimerInterrupt           
00001bb5  GPIOPadConfigSet                   
00001ce7  vListInitialise                    
00001d17  vListInitialiseItem                
00001d27  vListInsertEnd                     
00001d63  vListInsert                        
00001dc9  uxListRemove                       
00001e21  ulPortGetIPSR                      
00001e39  xPortPendSVHandler                 
00001e99  vPortSVCHandler                    
00001eb9  vPortStartFirstTask                
00001edd  vPortEnableVFP                     
00001eed  TasksInit                          
00001f01  main                               
00001f89  pvPortMalloc                       
00001ff9  vPortFree                          
00002003  vPortInitialiseBlocks              
0000200b  xPortGetFreeHeapSize               
00002025  __aeabi_memcpy                     
00002025  __aeabi_memcpy4                    
00002025  __aeabi_memcpy8                    
00002025  memcpy                             
000020c1  __aeabi_memclr                     
000020c1  __aeabi_memclr4                    
000020c1  __aeabi_memclr8                    
000020c3  __aeabi_memset                     
000020c3  __aeabi_memset4                    
000020c3  __aeabi_memset8                    
000020c9  memset                             
0000213b  __TI_decompress_lzss               
000021a5  Init_LEDS                          
000021c1  LEDTask1                           
000021f9  Init_Buttons                       
00002211  ButtonTask                         
0000223d  __TI_auto_init_nobinit_nopinit     
00002281  SysCtlPeripheralReady              
000022b9  _c_int00_noargs                    
000022f1  SysCtlPeripheralEnable             
00002325  GPIODirModeSet                     
0000234f  GPIOPinTypeGPIOOutput              
00002367  GPIOPinTypeGPIOInput               
00002379  __TI_decompress_none               
00002387  __TI_zero_init                     
00002393  ResetISR                           
0000239f  GPIOPinRead                        
000023a5  GPIOPinWrite                       
000023ab  _system_pre_init                   
000023af  C$$EXIT                            
000023af  abort                              
000023b4  ulMaxSyscallInterruptPriority      
000023c4  __TI_Handler_Table_Base            
000023d0  __TI_Handler_Table_Limit           
000023d8  __TI_CINIT_Base                    
000023e8  __TI_CINIT_Limit                   
200076e0  __stack                            
200078e0  __STACK_END                        
200078e0  __STACK_TOP                        
200078e0  pxCurrentTCB                       
20007920  ButtonPressedFlag                  
ffffffff  __TI_pprof_out_hndl                
ffffffff  __TI_prof_data_size                
ffffffff  __TI_prof_data_start               
ffffffff  __binit__                          
ffffffff  __c_args__                         
ffffffff  binit                              
UNDEFED   __mpu_init                         
UNDEFED   _system_post_cinit                 

[122 symbols]
