******************************************************************************
                  TI ARM Linker PC v18.1.1                     
******************************************************************************
>> Linked Tue Mar 19 10:29:45 2019

OUTPUT FILE NAME:   <ButtonLCD_RTOS.out>
ENTRY POINT SYMBOL: "_c_int00_noargs"  address: 00002d99


MEMORY CONFIGURATION

         name            origin    length      used     unused   attr    fill
----------------------  --------  ---------  --------  --------  ----  --------
  FLASH                 00000000   00040000  00002f32  0003d0ce  R  X
  SRAM                  20000000   00008000  00007954  000006ac  RW X


SEGMENT ALLOCATION MAP

run origin  load origin   length   init length attrs members
----------  ----------- ---------- ----------- ----- -------
00000000    00000000    00002f38   00002f38    r-x
  00000000    00000000    0000026c   0000026c    r-- .intvecs
  0000026c    0000026c    00002c26   00002c26    r-x .text
  00002e94    00002e94    00000040   00000040    r-- .const
  00002ed8    00002ed8    00000060   00000060    r-- .cinit
20000000    20000000    00007954   00000000    rw-
  20000000    20000000    000076e0   00000000    rw- .bss
  200076e0    200076e0    00000200   00000000    rw- .stack
  200078e0    200078e0    00000074   00000000    rw- .data


SECTION ALLOCATION MAP

 output                                  attributes/
section   page    origin      length       input sections
--------  ----  ----------  ----------   ----------------
.intvecs   0    00000000    0000026c     
                  00000000    0000026c     tm4c123gh6pm_startup_ccs.obj (.intvecs)

.text      0    0000026c    00002c26     
                  0000026c    000018a8     tasks.obj (.text)
                  00001b14    000004b4     LCD.obj (.text)
                  00001fc8    00000472     event_groups.obj (.text)
                  0000243a    00000002     --HOLE-- [fill = 0]
                  0000243c    0000013c     port.obj (.text)
                  00002578    00000132     driverlib.lib : gpio.obj (.text:GPIOPadConfigSet)
                  000026aa    00000132     list.obj (.text)
                  000027dc    00000118     App.obj (.text)
                  000028f4    000000da     portasm.obj (.text)
                  000029ce    00000002     --HOLE-- [fill = 0]
                  000029d0    000000a8     Buttons.obj (.text)
                  00002a78    0000009c     heap_1.obj (.text)
                  00002b14    0000009c     rtsv7M4_T_le_v4SPD16_eabi.lib : memcpy_t2.asm.obj (.text)
                  00002bb0    00000088     LEDs.obj (.text)
                  00002c38    0000007a     rtsv7M4_T_le_v4SPD16_eabi.lib : memset_t2.asm.obj (.text)
                  00002cb2    00000068                                   : copy_decompress_lzss.c.obj (.text:decompress:lzss:__TI_decompress_lzss)
                  00002d1a    00000002     --HOLE-- [fill = 0]
                  00002d1c    00000044                                   : autoinit.c.obj (.text:__TI_auto_init_nobinit_nopinit:__TI_auto_init_nobinit_nopinit)
                  00002d60    00000038     driverlib.lib : sysctl.obj (.text:SysCtlPeripheralReady)
                  00002d98    00000038     rtsv7M4_T_le_v4SPD16_eabi.lib : boot_cortex_m.c.obj (.text:_c_int00_noargs:_c_int00_noargs)
                  00002dd0    00000034     driverlib.lib : sysctl.obj (.text:SysCtlPeripheralEnable)
                  00002e04    0000002a                   : gpio.obj (.text:GPIODirModeSet)
                  00002e2e    00000018                   : gpio.obj (.text:GPIOPinTypeGPIOOutput)
                  00002e46    00000012                   : gpio.obj (.text:GPIOPinTypeGPIOInput)
                  00002e58    0000000e     rtsv7M4_T_le_v4SPD16_eabi.lib : copy_decompress_none.c.obj (.text:decompress:none:__TI_decompress_none)
                  00002e66    0000000c                                   : copy_zero_init.c.obj (.text:decompress:ZI:__TI_zero_init)
                  00002e72    0000000c     tm4c123gh6pm_startup_ccs.obj (.text)
                  00002e7e    00000006     driverlib.lib : gpio.obj (.text:GPIOPinRead)
                  00002e84    00000006                   : gpio.obj (.text:GPIOPinWrite)
                  00002e8a    00000004     rtsv7M4_T_le_v4SPD16_eabi.lib : pre_init.c.obj (.text:_system_pre_init)
                  00002e8e    00000004                                   : exit.c.obj (.text:abort:abort)

.const     0    00002e94    00000040     
                  00002e94    0000003a     LCD.obj (.const:.string)
                  00002ece    00000002     --HOLE-- [fill = 0]
                  00002ed0    00000004     port.obj (.const)

.cinit     0    00002ed8    00000060     
                  00002ed8    00000036     (.cinit..data.load) [load image, compression = lzss]
                  00002f0e    00000002     --HOLE-- [fill = 0]
                  00002f10    0000000c     (__TI_handler_table)
                  00002f1c    00000004     --HOLE-- [fill = 0]
                  00002f20    00000008     (.cinit..bss.load) [load image, compression = zero_init]
                  00002f28    00000010     (__TI_cinit_table)

.init_array 
*          0    00000000    00000000     UNINITIALIZED

.bss       0    20000000    000076e0     UNINITIALIZED
                  20000000    00007530     heap_1.obj (.bss:ucHeap)
                  20007530    00000140     tasks.obj (.bss:pxReadyTasksLists)
                  20007670    00000014     tasks.obj (.bss:xDelayedTaskList1)
                  20007684    00000014     tasks.obj (.bss:xDelayedTaskList2)
                  20007698    00000014     tasks.obj (.bss:xPendingReadyList)
                  200076ac    00000014     tasks.obj (.bss:xSuspendedTaskList)
                  200076c0    00000014     tasks.obj (.bss:xTasksWaitingTermination)
                  200076d4    00000008     tasks.obj (.bss)
                  200076dc    00000004     (.common:xEventGroup)

.data      0    200078e0    00000074     UNINITIALIZED
                  200078e0    00000034     tasks.obj (.data)
                  20007914    00000010     LCD.obj (.data)
                  20007924    0000000c     LCD.obj (.data:Button1_Pressed)
                  20007930    0000000c     LCD.obj (.data:Button2_Pressed)
                  2000793c    0000000c     LCD.obj (.data:Press_Button)
                  20007948    00000008     heap_1.obj (.data)
                  20007950    00000004     port.obj (.data)

.stack     0    200076e0    00000200     UNINITIALIZED
                  200076e0    00000004     rtsv7M4_T_le_v4SPD16_eabi.lib : boot_cortex_m.c.obj (.stack)
                  200076e4    000001fc     --HOLE--

MODULE SUMMARY

       Module                         code    ro data   rw data
       ------                         ----    -------   -------
    .\
       tm4c123gh6pm_startup_ccs.obj   12      620       0      
       App.obj                        280     0         4      
    +--+------------------------------+-------+---------+---------+
       Total:                         292     620       4      
                                                               
    .\Buttons_Handler\
       Buttons.obj                    168     0         0      
    +--+------------------------------+-------+---------+---------+
       Total:                         168     0         0      
                                                               
    .\LCD_Handler\
       LCD.obj                        1204    58        52     
    +--+------------------------------+-------+---------+---------+
       Total:                         1204    58        52     
                                                               
    .\LEDs_Handler\
       LEDs.obj                       136     0         0      
    +--+------------------------------+-------+---------+---------+
       Total:                         136     0         0      
                                                               
    .\OS\
       tasks.obj                      6312    0         480    
       event_groups.obj               1138    0         0      
       list.obj                       306     0         0      
    +--+------------------------------+-------+---------+---------+
       Total:                         7756    0         480    
                                                               
    .\OS\Includes\
       heap_1.obj                     156     0         30008  
       port.obj                       316     4         4      
       portasm.obj                    218     0         0      
    +--+------------------------------+-------+---------+---------+
       Total:                         690     4         30012  
                                                               
    C:/ti/TivaWare_C_Series-2.1.4.178/driverlib/ccs/Debug/driverlib.lib
       gpio.obj                       402     0         0      
       sysctl.obj                     108     0         0      
    +--+------------------------------+-------+---------+---------+
       Total:                         510     0         0      
                                                               
    C:\ti\ccsv8\tools\compiler\ti-cgt-arm_18.1.1.LTS\lib\rtsv7M4_T_le_v4SPD16_eabi.lib
       memcpy_t2.asm.obj              156     0         0      
       memset_t2.asm.obj              122     0         0      
       copy_decompress_lzss.c.obj     104     0         0      
       autoinit.c.obj                 68      0         0      
       boot_cortex_m.c.obj            56      0         0      
       copy_decompress_none.c.obj     14      0         0      
       copy_zero_init.c.obj           12      0         0      
       exit.c.obj                     4       0         0      
       pre_init.c.obj                 4       0         0      
    +--+------------------------------+-------+---------+---------+
       Total:                         540     0         0      
                                                               
       Stack:                         0       0         512    
       Linker Generated:              0       90        0      
    +--+------------------------------+-------+---------+---------+
       Grand Total:                   11296   772       31060  


LINKER GENERATED COPY TABLES

__TI_cinit_table @ 00002f28 records: 2, size/record: 8, table size: 16
	.data: load addr=00002ed8, load size=00000036 bytes, run addr=200078e0, run size=00000074 bytes, compression=lzss
	.bss: load addr=00002f20, load size=00000008 bytes, run addr=20000000, run size=000076e0 bytes, compression=zero_init


LINKER GENERATED HANDLER TABLE

__TI_handler_table @ 00002f10 records: 3, size/record: 4, table size: 12
	index: 0, handler: __TI_decompress_lzss
	index: 1, handler: __TI_decompress_none
	index: 2, handler: __TI_zero_init


GLOBAL SYMBOLS: SORTED ALPHABETICALLY BY Name 

address   name                               
-------   ----                               
00002a0d  Button1Task                        
20007924  Button1_Pressed                    
2000791c  Button1_Pressed_ptr                
00002a39  Button2Task                        
20007930  Button2_Pressed                    
20007920  Button2_Pressed_ptr                
00002e8f  C$$EXIT                            
00002e05  GPIODirModeSet                     
00002579  GPIOPadConfigSet                   
00002e7f  GPIOPinRead                        
00002e47  GPIOPinTypeGPIOInput               
00002e2f  GPIOPinTypeGPIOOutput              
00002e85  GPIOPinWrite                       
000029d1  Init_Buttons                       
00002bb1  Init_LEDS                          
00001e0d  LCD_DisplayTask                    
00001f6f  LCD_clear                          
00001cbb  LCD_displayChar                    
00001dcd  LCD_displayString                  
00001f7f  LCD_gotoRowColumn                  
00001b15  LCD_init                           
00001bd7  LCD_sendCommand                    
00002bcd  LEDTask1                           
00002bfd  LEDTask2                           
2000793c  Press_Button                       
20007918  Press_Button_ptr                   
00002e73  ResetISR                           
00002dd1  SysCtlPeripheralEnable             
00002d61  SysCtlPeripheralReady              
000027dd  TasksInit                          
200078e0  __STACK_END                        
00000200  __STACK_SIZE                       
200078e0  __STACK_TOP                        
00002f28  __TI_CINIT_Base                    
00002f38  __TI_CINIT_Limit                   
00002f10  __TI_Handler_Table_Base            
00002f1c  __TI_Handler_Table_Limit           
00002d1d  __TI_auto_init_nobinit_nopinit     
00002cb3  __TI_decompress_lzss               
00002e59  __TI_decompress_none               
ffffffff  __TI_pprof_out_hndl                
ffffffff  __TI_prof_data_size                
ffffffff  __TI_prof_data_start               
00000000  __TI_static_base__                 
00002e67  __TI_zero_init                     
00002c39  __aeabi_memclr                     
00002c39  __aeabi_memclr4                    
00002c39  __aeabi_memclr8                    
00002b15  __aeabi_memcpy                     
00002b15  __aeabi_memcpy4                    
00002b15  __aeabi_memcpy8                    
00002c3b  __aeabi_memset                     
00002c3b  __aeabi_memset4                    
00002c3b  __aeabi_memset8                    
ffffffff  __binit__                          
ffffffff  __c_args__                         
UNDEFED   __mpu_init                         
200076e0  __stack                            
00002d99  _c_int00_noargs                    
UNDEFED   _system_post_cinit                 
00002e8b  _system_pre_init                   
00002e8f  abort                              
ffffffff  binit                              
00000605  eTaskGetState                      
00000000  g_pfnVectors                       
000027fb  main                               
00002b15  memcpy                             
00002c41  memset                             
00000be1  pcTaskGetName                      
00002a79  pvPortMalloc                       
00001623  pvTaskIncrementMutexHeldCount      
200078e0  pxCurrentTCB                       
0000243d  pxPortInitialiseStack              
20007914  test                               
00002ed0  ulMaxSyscallInterruptPriority      
00002905  ulPortGetIPSR                      
00001641  ulTaskNotifyTake                   
00002409  uxEventGroupGetNumber              
00002795  uxListRemove                       
00000bdb  uxTaskGetNumberOfTasks             
000012f9  uxTaskGetStackHighWaterMark        
00000c05  uxTaskGetSystemState               
00001071  uxTaskGetTaskNumber                
000006b5  uxTaskPriorityGet                  
000006e1  uxTaskPriorityGetFromISR           
000015fd  uxTaskResetEventItemValue          
000023b3  vEventGroupClearBitsCallback       
0000236d  vEventGroupDelete                  
000023a1  vEventGroupSetBitsCallback         
00002429  vEventGroupSetNumber               
000026ab  vListInitialise                    
000026db  vListInitialiseItem                
00002727  vListInsert                        
000026eb  vListInsertEnd                     
000029c1  vPortEnableVFP                     
000024dd  vPortEndScheduler                  
000024df  vPortEnterCritical                 
000024ff  vPortExitCritical                  
00002ae9  vPortFree                          
00002af3  vPortInitialiseBlocks              
0000297d  vPortSVCHandler                    
0000253b  vPortSetupTimerInterrupt           
0000299d  vPortStartFirstTask                
000005c3  vTaskDelay                         
00000515  vTaskDelayUntil                    
00000467  vTaskDelete                        
00000a8d  vTaskEndScheduler                  
0000116d  vTaskGetInfo                       
00000fb5  vTaskInternalSetTimeOutState       
00001069  vTaskMissedYield                   
00001959  vTaskNotifyGiveFromISR             
00000e53  vTaskPlaceOnEventList              
00000e73  vTaskPlaceOnUnorderedEventList     
00001527  vTaskPriorityDisinheritAfterTimeout
0000072d  vTaskPrioritySet                   
00000f31  vTaskRemoveFromUnorderedEventList  
0000094d  vTaskResume                        
00001095  vTaskSetTaskNumber                 
00000f97  vTaskSetTimeOutState               
00000a3d  vTaskStartScheduler                
00000839  vTaskSuspend                       
00000aa9  vTaskSuspendAll                    
00000df1  vTaskSwitchContext                 
200076dc  xEventGroup                        
0000221d  xEventGroupClearBits               
00001fc9  xEventGroupCreate                  
0000224b  xEventGroupGetBitsFromISR          
0000227f  xEventGroupSetBits                 
00001fe9  xEventGroupSync                    
000020f9  xEventGroupWaitBits                
00002afb  xPortGetFreeHeapSize               
0000291d  xPortPendSVHandler                 
000024a7  xPortStartScheduler                
00002515  xPortSysTickHandler                
00000fdd  xTaskCheckForTimeOut               
0000026d  xTaskCreate                        
00001773  xTaskGenericNotify                 
0000184d  xTaskGenericNotifyFromISR          
00001375  xTaskGetCurrentTaskHandle          
00000b91  xTaskGetTickCount                  
00000bad  xTaskGetTickCountFromISR           
00000cf1  xTaskIncrementTick                 
00001a05  xTaskNotifyStateClear              
000016c9  xTaskNotifyWait                    
00001489  xTaskPriorityDisinherit            
000013a9  xTaskPriorityInherit               
00000ea9  xTaskRemoveFromEventList           
00000ac1  xTaskResumeAll                     
000009b3  xTaskResumeFromISR                 


GLOBAL SYMBOLS: SORTED BY Symbol Address 

address   name                               
-------   ----                               
00000000  __TI_static_base__                 
00000000  g_pfnVectors                       
00000200  __STACK_SIZE                       
0000026d  xTaskCreate                        
00000467  vTaskDelete                        
00000515  vTaskDelayUntil                    
000005c3  vTaskDelay                         
00000605  eTaskGetState                      
000006b5  uxTaskPriorityGet                  
000006e1  uxTaskPriorityGetFromISR           
0000072d  vTaskPrioritySet                   
00000839  vTaskSuspend                       
0000094d  vTaskResume                        
000009b3  xTaskResumeFromISR                 
00000a3d  vTaskStartScheduler                
00000a8d  vTaskEndScheduler                  
00000aa9  vTaskSuspendAll                    
00000ac1  xTaskResumeAll                     
00000b91  xTaskGetTickCount                  
00000bad  xTaskGetTickCountFromISR           
00000bdb  uxTaskGetNumberOfTasks             
00000be1  pcTaskGetName                      
00000c05  uxTaskGetSystemState               
00000cf1  xTaskIncrementTick                 
00000df1  vTaskSwitchContext                 
00000e53  vTaskPlaceOnEventList              
00000e73  vTaskPlaceOnUnorderedEventList     
00000ea9  xTaskRemoveFromEventList           
00000f31  vTaskRemoveFromUnorderedEventList  
00000f97  vTaskSetTimeOutState               
00000fb5  vTaskInternalSetTimeOutState       
00000fdd  xTaskCheckForTimeOut               
00001069  vTaskMissedYield                   
00001071  uxTaskGetTaskNumber                
00001095  vTaskSetTaskNumber                 
0000116d  vTaskGetInfo                       
000012f9  uxTaskGetStackHighWaterMark        
00001375  xTaskGetCurrentTaskHandle          
000013a9  xTaskPriorityInherit               
00001489  xTaskPriorityDisinherit            
00001527  vTaskPriorityDisinheritAfterTimeout
000015fd  uxTaskResetEventItemValue          
00001623  pvTaskIncrementMutexHeldCount      
00001641  ulTaskNotifyTake                   
000016c9  xTaskNotifyWait                    
00001773  xTaskGenericNotify                 
0000184d  xTaskGenericNotifyFromISR          
00001959  vTaskNotifyGiveFromISR             
00001a05  xTaskNotifyStateClear              
00001b15  LCD_init                           
00001bd7  LCD_sendCommand                    
00001cbb  LCD_displayChar                    
00001dcd  LCD_displayString                  
00001e0d  LCD_DisplayTask                    
00001f6f  LCD_clear                          
00001f7f  LCD_gotoRowColumn                  
00001fc9  xEventGroupCreate                  
00001fe9  xEventGroupSync                    
000020f9  xEventGroupWaitBits                
0000221d  xEventGroupClearBits               
0000224b  xEventGroupGetBitsFromISR          
0000227f  xEventGroupSetBits                 
0000236d  vEventGroupDelete                  
000023a1  vEventGroupSetBitsCallback         
000023b3  vEventGroupClearBitsCallback       
00002409  uxEventGroupGetNumber              
00002429  vEventGroupSetNumber               
0000243d  pxPortInitialiseStack              
000024a7  xPortStartScheduler                
000024dd  vPortEndScheduler                  
000024df  vPortEnterCritical                 
000024ff  vPortExitCritical                  
00002515  xPortSysTickHandler                
0000253b  vPortSetupTimerInterrupt           
00002579  GPIOPadConfigSet                   
000026ab  vListInitialise                    
000026db  vListInitialiseItem                
000026eb  vListInsertEnd                     
00002727  vListInsert                        
00002795  uxListRemove                       
000027dd  TasksInit                          
000027fb  main                               
00002905  ulPortGetIPSR                      
0000291d  xPortPendSVHandler                 
0000297d  vPortSVCHandler                    
0000299d  vPortStartFirstTask                
000029c1  vPortEnableVFP                     
000029d1  Init_Buttons                       
00002a0d  Button1Task                        
00002a39  Button2Task                        
00002a79  pvPortMalloc                       
00002ae9  vPortFree                          
00002af3  vPortInitialiseBlocks              
00002afb  xPortGetFreeHeapSize               
00002b15  __aeabi_memcpy                     
00002b15  __aeabi_memcpy4                    
00002b15  __aeabi_memcpy8                    
00002b15  memcpy                             
00002bb1  Init_LEDS                          
00002bcd  LEDTask1                           
00002bfd  LEDTask2                           
00002c39  __aeabi_memclr                     
00002c39  __aeabi_memclr4                    
00002c39  __aeabi_memclr8                    
00002c3b  __aeabi_memset                     
00002c3b  __aeabi_memset4                    
00002c3b  __aeabi_memset8                    
00002c41  memset                             
00002cb3  __TI_decompress_lzss               
00002d1d  __TI_auto_init_nobinit_nopinit     
00002d61  SysCtlPeripheralReady              
00002d99  _c_int00_noargs                    
00002dd1  SysCtlPeripheralEnable             
00002e05  GPIODirModeSet                     
00002e2f  GPIOPinTypeGPIOOutput              
00002e47  GPIOPinTypeGPIOInput               
00002e59  __TI_decompress_none               
00002e67  __TI_zero_init                     
00002e73  ResetISR                           
00002e7f  GPIOPinRead                        
00002e85  GPIOPinWrite                       
00002e8b  _system_pre_init                   
00002e8f  C$$EXIT                            
00002e8f  abort                              
00002ed0  ulMaxSyscallInterruptPriority      
00002f10  __TI_Handler_Table_Base            
00002f1c  __TI_Handler_Table_Limit           
00002f28  __TI_CINIT_Base                    
00002f38  __TI_CINIT_Limit                   
200076dc  xEventGroup                        
200076e0  __stack                            
200078e0  __STACK_END                        
200078e0  __STACK_TOP                        
200078e0  pxCurrentTCB                       
20007914  test                               
20007918  Press_Button_ptr                   
2000791c  Button1_Pressed_ptr                
20007920  Button2_Pressed_ptr                
20007924  Button1_Pressed                    
20007930  Button2_Pressed                    
2000793c  Press_Button                       
ffffffff  __TI_pprof_out_hndl                
ffffffff  __TI_prof_data_size                
ffffffff  __TI_prof_data_start               
ffffffff  __binit__                          
ffffffff  __c_args__                         
ffffffff  binit                              
UNDEFED   __mpu_init                         
UNDEFED   _system_post_cinit                 

[149 symbols]
