******************************************************************************
                  TI ARM Linker PC v18.1.1                     
******************************************************************************
>> Linked Mon Apr  8 17:52:43 2019

OUTPUT FILE NAME:   <CAN_TokenRingProject.out>
ENTRY POINT SYMBOL: "_c_int00_noargs"  address: 0000356d


MEMORY CONFIGURATION

         name            origin    length      used     unused   attr    fill
----------------------  --------  ---------  --------  --------  ----  --------
  FLASH                 00000000   00040000  00003932  0003c6ce  R  X
  SRAM                  20000000   00008000  00007936  000006ca  RW X


SEGMENT ALLOCATION MAP

run origin  load origin   length   init length attrs members
----------  ----------- ---------- ----------- ----- -------
00000000    00000000    00003938   00003938    r-x
  00000000    00000000    0000026c   0000026c    r-- .intvecs
  0000026c    0000026c    000034c6   000034c6    r-x .text
  00003734    00003734    000001c0   000001c0    r-- .const
  000038f8    000038f8    00000040   00000040    r-- .cinit
20000000    20000000    0000793c   00000000    rw-
  20000000    20000000    000076e2   00000000    rw- .bss
  200076e8    200076e8    00000200   00000000    rw- .stack
  200078e8    200078e8    00000054   00000000    rw- .data


SECTION ALLOCATION MAP

 output                                  attributes/
section   page    origin      length       input sections
--------  ----  ----------  ----------   ----------------
.intvecs   0    00000000    0000026c     
                  00000000    0000026c     tm4c123gh6pm_startup_ccs.obj (.intvecs)

.text      0    0000026c    000034c6     
                  0000026c    000018a8     tasks.obj (.text)
                  00001b14    000004dc     uartstdio.obj (.text)
                  00001ff0    00000472     event_groups.obj (.text)
                  00002462    00000002     rtsv7M4_T_le_v4SPD16_eabi.lib : div0.asm.obj (.text)
                  00002464    0000029c     CAN.obj (.text)
                  00002700    0000013c     port.obj (.text)
                  0000283c    00000136     driverlib.lib : can.obj (.text:CANMessageSet)
                  00002972    00000132                   : gpio.obj (.text:GPIOPadConfigSet)
                  00002aa4    00000132     list.obj (.text)
                  00002bd6    00000002     --HOLE-- [fill = 0]
                  00002bd8    00000110     driverlib.lib : sysctl.obj (.text:SysCtlClockGet)
                  00002ce8    0000010e                   : can.obj (.text:CANMessageGet)
                  00002df6    00000002     --HOLE-- [fill = 0]
                  00002df8    000000fc     CAN_TokenRingProject.obj (.text)
                  00002ef4    000000da     portasm.obj (.text)
                  00002fce    00000002     --HOLE-- [fill = 0]
                  00002fd0    000000d4     Buttons.obj (.text)
                  000030a4    0000009c     heap_1.obj (.text)
                  00003140    0000009c     rtsv7M4_T_le_v4SPD16_eabi.lib : memcpy_t2.asm.obj (.text)
                  000031dc    0000007a                                   : memset_t2.asm.obj (.text)
                  00003256    00000002     --HOLE-- [fill = 0]
                  00003258    0000006c     driverlib.lib : can.obj (.text:CANBitRateSet)
                  000032c4    00000068                   : interrupt.obj (.text:IntEnable)
                  0000332c    00000068     rtsv7M4_T_le_v4SPD16_eabi.lib : copy_decompress_lzss.c.obj (.text:decompress:lzss:__TI_decompress_lzss)
                  00003394    00000058     LEDs.obj (.text)
                  000033ec    00000048     driverlib.lib : gpio.obj (.text:GPIOPinConfigure)
                  00003434    00000044     rtsv7M4_T_le_v4SPD16_eabi.lib : autoinit.c.obj (.text:__TI_auto_init_nobinit_nopinit:__TI_auto_init_nobinit_nopinit)
                  00003478    00000040     driverlib.lib : can.obj (.text:CANStatusGet)
                  000034b8    00000040     rtsv7M4_T_le_v4SPD16_eabi.lib : u_divt2.asm.obj (.text)
                  000034f8    0000003a     driverlib.lib : can.obj (.text:CANInit)
                  00003532    00000002     --HOLE-- [fill = 0]
                  00003534    00000038                   : sysctl.obj (.text:SysCtlPeripheralReady)
                  0000356c    00000038     rtsv7M4_T_le_v4SPD16_eabi.lib : boot_cortex_m.c.obj (.text:_c_int00_noargs:_c_int00_noargs)
                  000035a4    00000034     driverlib.lib : sysctl.obj (.text:SysCtlPeripheralEnable)
                  000035d8    0000002a                   : gpio.obj (.text:GPIODirModeSet)
                  00003602    0000002a                   : can.obj (.text:_CANDataRegRead)
                  0000362c    00000024                   : can.obj (.text:_CANDataRegWrite)
                  00003650    00000022                   : can.obj (.text:CANIntClear)
                  00003672    00000020                   : can.obj (.text:CANIntStatus)
                  00003692    00000018                   : gpio.obj (.text:GPIOPinTypeGPIOOutput)
                  000036aa    00000012                   : gpio.obj (.text:GPIOPinTypeCAN)
                  000036bc    00000012                   : gpio.obj (.text:GPIOPinTypeGPIOInput)
                  000036ce    00000012                   : gpio.obj (.text:GPIOPinTypeUART)
                  000036e0    0000000e     rtsv7M4_T_le_v4SPD16_eabi.lib : copy_decompress_none.c.obj (.text:decompress:none:__TI_decompress_none)
                  000036ee    0000000c                                   : copy_zero_init.c.obj (.text:decompress:ZI:__TI_zero_init)
                  000036fa    0000000c     tm4c123gh6pm_startup_ccs.obj (.text)
                  00003706    0000000a     driverlib.lib : can.obj (.text:CANEnable)
                  00003710    00000008                   : can.obj (.text:CANIntEnable)
                  00003718    00000006                   : gpio.obj (.text:GPIOPinRead)
                  0000371e    00000006                   : gpio.obj (.text:GPIOPinWrite)
                  00003724    00000006                   : uart.obj (.text:UARTClockSourceSet)
                  0000372a    00000004     rtsv7M4_T_le_v4SPD16_eabi.lib : pre_init.c.obj (.text:_system_pre_init)
                  0000372e    00000004                                   : exit.c.obj (.text:abort:abort)

.const     0    00003734    000001c0     
                  00003734    00000090     driverlib.lib : gpio.obj (.const:g_pui32GPIOBaseAddrs)
                  000037c4    00000070                   : interrupt.obj (.const)
                  00003834    0000006c                   : sysctl.obj (.const:g_pui32Xtals)
                  000038a0    00000020                   : can.obj (.const)
                  000038c0    00000012     uartstdio.obj (.const:.string)
                  000038d2    00000002     --HOLE-- [fill = 0]
                  000038d4    0000000c     uartstdio.obj (.const:g_ui32UARTBase)
                  000038e0    0000000c     uartstdio.obj (.const:g_ui32UARTPeriph)
                  000038ec    00000004     port.obj (.const)
                  000038f0    00000004     uartstdio.obj (.const)

.cinit     0    000038f8    00000040     
                  000038f8    0000001c     (.cinit..data.load) [load image, compression = lzss]
                  00003914    0000000c     (__TI_handler_table)
                  00003920    00000008     (.cinit..bss.load) [load image, compression = zero_init]
                  00003928    00000010     (__TI_cinit_table)

.init_array 
*          0    00000000    00000000     UNINITIALIZED

.bss       0    20000000    000076e2     UNINITIALIZED
                  20000000    00007530     heap_1.obj (.bss:ucHeap)
                  20007530    00000140     tasks.obj (.bss:pxReadyTasksLists)
                  20007670    00000014     tasks.obj (.bss:xDelayedTaskList1)
                  20007684    00000014     tasks.obj (.bss:xDelayedTaskList2)
                  20007698    00000014     tasks.obj (.bss:xPendingReadyList)
                  200076ac    00000014     tasks.obj (.bss:xSuspendedTaskList)
                  200076c0    00000014     tasks.obj (.bss:xTasksWaitingTermination)
                  200076d4    00000008     tasks.obj (.bss)
                  200076dc    00000004     (.common:xEventGroup)
                  200076e0    00000001     Buttons.obj (.bss)
                  200076e1    00000001     (.common:Source)

.data      0    200078e8    00000054     UNINITIALIZED
                  200078e8    00000034     tasks.obj (.data)
                  2000791c    00000008     CAN.obj (.data)
                  20007924    00000008     heap_1.obj (.data)
                  2000792c    00000005     uartstdio.obj (.data)
                  20007931    00000004     CAN.obj (.data:Node)
                  20007935    00000003     Buttons.obj (.data)
                  20007938    00000004     port.obj (.data)

.stack     0    200076e8    00000200     UNINITIALIZED
                  200076e8    00000004     rtsv7M4_T_le_v4SPD16_eabi.lib : boot_cortex_m.c.obj (.stack)
                  200076ec    000001fc     --HOLE--

MODULE SUMMARY

       Module                         code    ro data   rw data
       ------                         ----    -------   -------
    .\
       uartstdio.obj                  1244    46        5      
       tm4c123gh6pm_startup_ccs.obj   12      620       0      
       CAN_TokenRingProject.obj       252     0         4      
    +--+------------------------------+-------+---------+---------+
       Total:                         1508    666       9      
                                                               
    .\Buttons_Handler\
       Buttons.obj                    212     0         4      
    +--+------------------------------+-------+---------+---------+
       Total:                         212     0         4      
                                                               
    .\CAN_Handler\
       CAN.obj                        668     0         13     
    +--+------------------------------+-------+---------+---------+
       Total:                         668     0         13     
                                                               
    .\LEDs_Handler\
       LEDs.obj                       88      0         0      
    +--+------------------------------+-------+---------+---------+
       Total:                         88      0         0      
                                                               
    .\OS\
       tasks.obj                      6312    0         480    
       event_groups.obj               1138    0         0      
       list.obj                       306     0         0      
    +--+------------------------------+-------+---------+---------+
       Total:                         7756    0         480    
                                                               
    .\OS\Includes\
       heap_1.obj                     156     0         30008  
       port.obj                       316     4         4      
       portasm.obj                    218     0         0      
    +--+------------------------------+-------+---------+---------+
       Total:                         690     4         30012  
                                                               
    C:/ti/TivaWare_C_Series-2.1.4.178/driverlib/ccs/Debug/driverlib.lib
       can.obj                        972     32        0      
       gpio.obj                       510     144       0      
       sysctl.obj                     380     108       0      
       interrupt.obj                  104     112       0      
       uart.obj                       6       0         0      
    +--+------------------------------+-------+---------+---------+
       Total:                         1972    396       0      
                                                               
    C:\ti\ccsv8\tools\compiler\ti-cgt-arm_18.1.1.LTS\lib\rtsv7M4_T_le_v4SPD16_eabi.lib
       memcpy_t2.asm.obj              156     0         0      
       memset_t2.asm.obj              122     0         0      
       copy_decompress_lzss.c.obj     104     0         0      
       autoinit.c.obj                 68      0         0      
       u_divt2.asm.obj                64      0         0      
       boot_cortex_m.c.obj            56      0         0      
       copy_decompress_none.c.obj     14      0         0      
       copy_zero_init.c.obj           12      0         0      
       exit.c.obj                     4       0         0      
       pre_init.c.obj                 4       0         0      
       div0.asm.obj                   2       0         0      
    +--+------------------------------+-------+---------+---------+
       Total:                         606     0         0      
                                                               
       Stack:                         0       0         512    
       Linker Generated:              0       64        0      
    +--+------------------------------+-------+---------+---------+
       Grand Total:                   13500   1130      31030  


LINKER GENERATED COPY TABLES

__TI_cinit_table @ 00003928 records: 2, size/record: 8, table size: 16
	.data: load addr=000038f8, load size=0000001c bytes, run addr=200078e8, run size=00000054 bytes, compression=lzss
	.bss: load addr=00003920, load size=00000008 bytes, run addr=20000000, run size=000076e2 bytes, compression=zero_init


LINKER GENERATED HANDLER TABLE

__TI_handler_table @ 00003914 records: 3, size/record: 4, table size: 12
	index: 0, handler: __TI_decompress_lzss
	index: 1, handler: __TI_decompress_none
	index: 2, handler: __TI_zero_init


GLOBAL SYMBOLS: SORTED ALPHABETICALLY BY Name 

address   name                               
-------   ----                               
0000300d  Button1Task                        
20007935  ButtonPressedFlag                  
0000372f  C$$EXIT                            
00003259  CANBitRateSet                      
00003707  CANEnable                          
000034f9  CANInit                            
00003651  CANIntClear                        
00003711  CANIntEnable                       
000024a1  CANIntHandler                      
00003673  CANIntStatus                       
00002ce9  CANMessageGet                      
0000283d  CANMessageSet                      
00003479  CANStatusGet                       
000024fb  CAN_Init                           
00002609  CAN_ReceiverTask                   
0000254b  CAN_SenderTask                     
000035d9  GPIODirModeSet                     
00002973  GPIOPadConfigSet                   
000033ed  GPIOPinConfigure                   
00003719  GPIOPinRead                        
000036ab  GPIOPinTypeCAN                     
000036bd  GPIOPinTypeGPIOInput               
00003693  GPIOPinTypeGPIOOutput              
000036cf  GPIOPinTypeUART                    
0000371f  GPIOPinWrite                       
20007922  Index                              
00002465  InitConsole                        
00002fd1  Init_Buttons                       
00003395  Init_LEDS                          
000032c5  IntEnable                          
000033b1  LEDTask1                           
20007931  Node                               
000036fb  ResetISR                           
200076e1  Source                             
00002bd9  SysCtlClockGet                     
000035a5  SysCtlPeripheralEnable             
00003535  SysCtlPeripheralReady              
00002df9  TasksInit                          
00003725  UARTClockSourceSet                 
00001b15  UARTStdioConfig                    
00001c8d  UARTgetc                           
00001bc7  UARTgets                           
00001fbb  UARTprintf                         
00001cc1  UARTvprintf                        
00001b75  UARTwrite                          
200078e8  __STACK_END                        
00000200  __STACK_SIZE                       
200078e8  __STACK_TOP                        
00003928  __TI_CINIT_Base                    
00003938  __TI_CINIT_Limit                   
00003914  __TI_Handler_Table_Base            
00003920  __TI_Handler_Table_Limit           
00003435  __TI_auto_init_nobinit_nopinit     
0000332d  __TI_decompress_lzss               
000036e1  __TI_decompress_none               
ffffffff  __TI_pprof_out_hndl                
ffffffff  __TI_prof_data_size                
ffffffff  __TI_prof_data_start               
00000000  __TI_static_base__                 
000036ef  __TI_zero_init                     
00002463  __aeabi_idiv0                      
00002463  __aeabi_ldiv0                      
000031dd  __aeabi_memclr                     
000031dd  __aeabi_memclr4                    
000031dd  __aeabi_memclr8                    
00003141  __aeabi_memcpy                     
00003141  __aeabi_memcpy4                    
00003141  __aeabi_memcpy8                    
000031df  __aeabi_memset                     
000031df  __aeabi_memset4                    
000031df  __aeabi_memset8                    
000034b9  __aeabi_uidiv                      
000034b9  __aeabi_uidivmod                   
ffffffff  __binit__                          
ffffffff  __c_args__                         
UNDEFED   __mpu_init                         
200076e8  __stack                            
0000356d  _c_int00_noargs                    
UNDEFED   _system_post_cinit                 
0000372b  _system_pre_init                   
0000372f  abort                              
ffffffff  binit                              
00000605  eTaskGetState                      
20007921  g_bErrFlag                         
20007920  g_bRXFlag                          
00000000  g_pfnVectors                       
2000791c  g_ui32MsgCount                     
00002e17  main                               
00003141  memcpy                             
000031e5  memset                             
00000be1  pcTaskGetName                      
000030a5  pvPortMalloc                       
00001623  pvTaskIncrementMutexHeldCount      
200078e8  pxCurrentTCB                       
00002701  pxPortInitialiseStack              
000038ec  ulMaxSyscallInterruptPriority      
00002f05  ulPortGetIPSR                      
00001641  ulTaskNotifyTake                   
00002431  uxEventGroupGetNumber              
00002b8f  uxListRemove                       
00000bdb  uxTaskGetNumberOfTasks             
000012f9  uxTaskGetStackHighWaterMark        
00000c05  uxTaskGetSystemState               
00001071  uxTaskGetTaskNumber                
000006b5  uxTaskPriorityGet                  
000006e1  uxTaskPriorityGetFromISR           
000015fd  uxTaskResetEventItemValue          
000023db  vEventGroupClearBitsCallback       
00002395  vEventGroupDelete                  
000023c9  vEventGroupSetBitsCallback         
00002451  vEventGroupSetNumber               
00002aa5  vListInitialise                    
00002ad5  vListInitialiseItem                
00002b21  vListInsert                        
00002ae5  vListInsertEnd                     
00002fc1  vPortEnableVFP                     
000027a1  vPortEndScheduler                  
000027a3  vPortEnterCritical                 
000027c3  vPortExitCritical                  
00003115  vPortFree                          
0000311f  vPortInitialiseBlocks              
00002f7d  vPortSVCHandler                    
000027ff  vPortSetupTimerInterrupt           
00002f9d  vPortStartFirstTask                
000005c3  vTaskDelay                         
00000515  vTaskDelayUntil                    
00000467  vTaskDelete                        
00000a8d  vTaskEndScheduler                  
0000116d  vTaskGetInfo                       
00000fb5  vTaskInternalSetTimeOutState       
00001069  vTaskMissedYield                   
00001959  vTaskNotifyGiveFromISR             
00000e53  vTaskPlaceOnEventList              
00000e73  vTaskPlaceOnUnorderedEventList     
00001527  vTaskPriorityDisinheritAfterTimeout
0000072d  vTaskPrioritySet                   
00000f31  vTaskRemoveFromUnorderedEventList  
0000094d  vTaskResume                        
00001095  vTaskSetTaskNumber                 
00000f97  vTaskSetTimeOutState               
00000a3d  vTaskStartScheduler                
00000839  vTaskSuspend                       
00000aa9  vTaskSuspendAll                    
00000df1  vTaskSwitchContext                 
200076dc  xEventGroup                        
00002245  xEventGroupClearBits               
00001ff1  xEventGroupCreate                  
00002273  xEventGroupGetBitsFromISR          
000022a7  xEventGroupSetBits                 
00002011  xEventGroupSync                    
00002121  xEventGroupWaitBits                
00003127  xPortGetFreeHeapSize               
00002f1d  xPortPendSVHandler                 
0000276b  xPortStartScheduler                
000027d9  xPortSysTickHandler                
00000fdd  xTaskCheckForTimeOut               
0000026d  xTaskCreate                        
00001773  xTaskGenericNotify                 
0000184d  xTaskGenericNotifyFromISR          
00001375  xTaskGetCurrentTaskHandle          
00000b91  xTaskGetTickCount                  
00000bad  xTaskGetTickCountFromISR           
00000cf1  xTaskIncrementTick                 
00001a05  xTaskNotifyStateClear              
000016c9  xTaskNotifyWait                    
00001489  xTaskPriorityDisinherit            
000013a9  xTaskPriorityInherit               
00000ea9  xTaskRemoveFromEventList           
00000ac1  xTaskResumeAll                     
000009b3  xTaskResumeFromISR                 


GLOBAL SYMBOLS: SORTED BY Symbol Address 

address   name                               
-------   ----                               
00000000  __TI_static_base__                 
00000000  g_pfnVectors                       
00000200  __STACK_SIZE                       
0000026d  xTaskCreate                        
00000467  vTaskDelete                        
00000515  vTaskDelayUntil                    
000005c3  vTaskDelay                         
00000605  eTaskGetState                      
000006b5  uxTaskPriorityGet                  
000006e1  uxTaskPriorityGetFromISR           
0000072d  vTaskPrioritySet                   
00000839  vTaskSuspend                       
0000094d  vTaskResume                        
000009b3  xTaskResumeFromISR                 
00000a3d  vTaskStartScheduler                
00000a8d  vTaskEndScheduler                  
00000aa9  vTaskSuspendAll                    
00000ac1  xTaskResumeAll                     
00000b91  xTaskGetTickCount                  
00000bad  xTaskGetTickCountFromISR           
00000bdb  uxTaskGetNumberOfTasks             
00000be1  pcTaskGetName                      
00000c05  uxTaskGetSystemState               
00000cf1  xTaskIncrementTick                 
00000df1  vTaskSwitchContext                 
00000e53  vTaskPlaceOnEventList              
00000e73  vTaskPlaceOnUnorderedEventList     
00000ea9  xTaskRemoveFromEventList           
00000f31  vTaskRemoveFromUnorderedEventList  
00000f97  vTaskSetTimeOutState               
00000fb5  vTaskInternalSetTimeOutState       
00000fdd  xTaskCheckForTimeOut               
00001069  vTaskMissedYield                   
00001071  uxTaskGetTaskNumber                
00001095  vTaskSetTaskNumber                 
0000116d  vTaskGetInfo                       
000012f9  uxTaskGetStackHighWaterMark        
00001375  xTaskGetCurrentTaskHandle          
000013a9  xTaskPriorityInherit               
00001489  xTaskPriorityDisinherit            
00001527  vTaskPriorityDisinheritAfterTimeout
000015fd  uxTaskResetEventItemValue          
00001623  pvTaskIncrementMutexHeldCount      
00001641  ulTaskNotifyTake                   
000016c9  xTaskNotifyWait                    
00001773  xTaskGenericNotify                 
0000184d  xTaskGenericNotifyFromISR          
00001959  vTaskNotifyGiveFromISR             
00001a05  xTaskNotifyStateClear              
00001b15  UARTStdioConfig                    
00001b75  UARTwrite                          
00001bc7  UARTgets                           
00001c8d  UARTgetc                           
00001cc1  UARTvprintf                        
00001fbb  UARTprintf                         
00001ff1  xEventGroupCreate                  
00002011  xEventGroupSync                    
00002121  xEventGroupWaitBits                
00002245  xEventGroupClearBits               
00002273  xEventGroupGetBitsFromISR          
000022a7  xEventGroupSetBits                 
00002395  vEventGroupDelete                  
000023c9  vEventGroupSetBitsCallback         
000023db  vEventGroupClearBitsCallback       
00002431  uxEventGroupGetNumber              
00002451  vEventGroupSetNumber               
00002463  __aeabi_idiv0                      
00002463  __aeabi_ldiv0                      
00002465  InitConsole                        
000024a1  CANIntHandler                      
000024fb  CAN_Init                           
0000254b  CAN_SenderTask                     
00002609  CAN_ReceiverTask                   
00002701  pxPortInitialiseStack              
0000276b  xPortStartScheduler                
000027a1  vPortEndScheduler                  
000027a3  vPortEnterCritical                 
000027c3  vPortExitCritical                  
000027d9  xPortSysTickHandler                
000027ff  vPortSetupTimerInterrupt           
0000283d  CANMessageSet                      
00002973  GPIOPadConfigSet                   
00002aa5  vListInitialise                    
00002ad5  vListInitialiseItem                
00002ae5  vListInsertEnd                     
00002b21  vListInsert                        
00002b8f  uxListRemove                       
00002bd9  SysCtlClockGet                     
00002ce9  CANMessageGet                      
00002df9  TasksInit                          
00002e17  main                               
00002f05  ulPortGetIPSR                      
00002f1d  xPortPendSVHandler                 
00002f7d  vPortSVCHandler                    
00002f9d  vPortStartFirstTask                
00002fc1  vPortEnableVFP                     
00002fd1  Init_Buttons                       
0000300d  Button1Task                        
000030a5  pvPortMalloc                       
00003115  vPortFree                          
0000311f  vPortInitialiseBlocks              
00003127  xPortGetFreeHeapSize               
00003141  __aeabi_memcpy                     
00003141  __aeabi_memcpy4                    
00003141  __aeabi_memcpy8                    
00003141  memcpy                             
000031dd  __aeabi_memclr                     
000031dd  __aeabi_memclr4                    
000031dd  __aeabi_memclr8                    
000031df  __aeabi_memset                     
000031df  __aeabi_memset4                    
000031df  __aeabi_memset8                    
000031e5  memset                             
00003259  CANBitRateSet                      
000032c5  IntEnable                          
0000332d  __TI_decompress_lzss               
00003395  Init_LEDS                          
000033b1  LEDTask1                           
000033ed  GPIOPinConfigure                   
00003435  __TI_auto_init_nobinit_nopinit     
00003479  CANStatusGet                       
000034b9  __aeabi_uidiv                      
000034b9  __aeabi_uidivmod                   
000034f9  CANInit                            
00003535  SysCtlPeripheralReady              
0000356d  _c_int00_noargs                    
000035a5  SysCtlPeripheralEnable             
000035d9  GPIODirModeSet                     
00003651  CANIntClear                        
00003673  CANIntStatus                       
00003693  GPIOPinTypeGPIOOutput              
000036ab  GPIOPinTypeCAN                     
000036bd  GPIOPinTypeGPIOInput               
000036cf  GPIOPinTypeUART                    
000036e1  __TI_decompress_none               
000036ef  __TI_zero_init                     
000036fb  ResetISR                           
00003707  CANEnable                          
00003711  CANIntEnable                       
00003719  GPIOPinRead                        
0000371f  GPIOPinWrite                       
00003725  UARTClockSourceSet                 
0000372b  _system_pre_init                   
0000372f  C$$EXIT                            
0000372f  abort                              
000038ec  ulMaxSyscallInterruptPriority      
00003914  __TI_Handler_Table_Base            
00003920  __TI_Handler_Table_Limit           
00003928  __TI_CINIT_Base                    
00003938  __TI_CINIT_Limit                   
200076dc  xEventGroup                        
200076e1  Source                             
200076e8  __stack                            
200078e8  __STACK_END                        
200078e8  __STACK_TOP                        
200078e8  pxCurrentTCB                       
2000791c  g_ui32MsgCount                     
20007920  g_bRXFlag                          
20007921  g_bErrFlag                         
20007922  Index                              
20007931  Node                               
20007935  ButtonPressedFlag                  
ffffffff  __TI_pprof_out_hndl                
ffffffff  __TI_prof_data_size                
ffffffff  __TI_prof_data_start               
ffffffff  __binit__                          
ffffffff  __c_args__                         
ffffffff  binit                              
UNDEFED   __mpu_init                         
UNDEFED   _system_post_cinit                 

[170 symbols]
