<?xml version="1.0" encoding="ISO-8859-1" ?>
<link_info>
   <banner>TI ARM Linker PC v18.1.1.LTS</banner>
   <copyright>Copyright (c) 1996-2017 Texas Instruments Incorporated</copyright>
   <link_time>0x5cab6e4b</link_time>
   <link_errors>0x0</link_errors>
   <output_file>CAN_TokenRingProject.out</output_file>
   <entry_point>
      <name>_c_int00_noargs</name>
      <address>0x356d</address>
   </entry_point>
   <input_file_list>
      <input_file id="fl-2">
         <path>.\</path>
         <kind>object</kind>
         <file>CAN_TokenRingProject.obj</file>
         <name>CAN_TokenRingProject.obj</name>
      </input_file>
      <input_file id="fl-3">
         <path>.\</path>
         <kind>object</kind>
         <file>tm4c123gh6pm_startup_ccs.obj</file>
         <name>tm4c123gh6pm_startup_ccs.obj</name>
      </input_file>
      <input_file id="fl-4">
         <path>.\</path>
         <kind>object</kind>
         <file>uartstdio.obj</file>
         <name>uartstdio.obj</name>
      </input_file>
      <input_file id="fl-5">
         <path>.\Buttons_Handler\</path>
         <kind>object</kind>
         <file>Buttons.obj</file>
         <name>Buttons.obj</name>
      </input_file>
      <input_file id="fl-6">
         <path>.\CAN_Handler\</path>
         <kind>object</kind>
         <file>CAN.obj</file>
         <name>CAN.obj</name>
      </input_file>
      <input_file id="fl-7">
         <path>.\LEDs_Handler\</path>
         <kind>object</kind>
         <file>LEDs.obj</file>
         <name>LEDs.obj</name>
      </input_file>
      <input_file id="fl-8">
         <path>.\OS\Includes\</path>
         <kind>object</kind>
         <file>heap_1.obj</file>
         <name>heap_1.obj</name>
      </input_file>
      <input_file id="fl-9">
         <path>.\OS\Includes\</path>
         <kind>object</kind>
         <file>port.obj</file>
         <name>port.obj</name>
      </input_file>
      <input_file id="fl-a">
         <path>.\OS\Includes\</path>
         <kind>object</kind>
         <file>portasm.obj</file>
         <name>portasm.obj</name>
      </input_file>
      <input_file id="fl-b">
         <path>.\OS\</path>
         <kind>object</kind>
         <file>croutine.obj</file>
         <name>croutine.obj</name>
      </input_file>
      <input_file id="fl-c">
         <path>.\OS\</path>
         <kind>object</kind>
         <file>event_groups.obj</file>
         <name>event_groups.obj</name>
      </input_file>
      <input_file id="fl-d">
         <path>.\OS\</path>
         <kind>object</kind>
         <file>list.obj</file>
         <name>list.obj</name>
      </input_file>
      <input_file id="fl-e">
         <path>.\OS\</path>
         <kind>object</kind>
         <file>queue.obj</file>
         <name>queue.obj</name>
      </input_file>
      <input_file id="fl-f">
         <path>.\OS\</path>
         <kind>object</kind>
         <file>stream_buffer.obj</file>
         <name>stream_buffer.obj</name>
      </input_file>
      <input_file id="fl-10">
         <path>.\OS\</path>
         <kind>object</kind>
         <file>tasks.obj</file>
         <name>tasks.obj</name>
      </input_file>
      <input_file id="fl-11">
         <path>.\OS\</path>
         <kind>object</kind>
         <file>timers.obj</file>
         <name>timers.obj</name>
      </input_file>
      <input_file id="fl-16">
         <kind>object</kind>
         <file>&lt;internal&gt;</file>
         <name>&lt;internal&gt;</name>
      </input_file>
      <input_file id="fl-cc">
         <path>C:\ti\ccsv8\tools\compiler\ti-cgt-arm_18.1.1.LTS\lib\</path>
         <kind>archive</kind>
         <file>rtsv7M4_T_le_v4SPD16_eabi.lib</file>
         <name>u_divt2.asm.obj</name>
      </input_file>
      <input_file id="fl-cd">
         <path>C:\ti\ccsv8\tools\compiler\ti-cgt-arm_18.1.1.LTS\lib\</path>
         <kind>archive</kind>
         <file>rtsv7M4_T_le_v4SPD16_eabi.lib</file>
         <name>memcpy_t2.asm.obj</name>
      </input_file>
      <input_file id="fl-ce">
         <path>C:\ti\ccsv8\tools\compiler\ti-cgt-arm_18.1.1.LTS\lib\</path>
         <kind>archive</kind>
         <file>rtsv7M4_T_le_v4SPD16_eabi.lib</file>
         <name>memset_t2.asm.obj</name>
      </input_file>
      <input_file id="fl-cf">
         <path>C:\ti\ccsv8\tools\compiler\ti-cgt-arm_18.1.1.LTS\lib\</path>
         <kind>archive</kind>
         <file>rtsv7M4_T_le_v4SPD16_eabi.lib</file>
         <name>copy_zero_init.c.obj</name>
      </input_file>
      <input_file id="fl-d0">
         <path>C:\ti\ccsv8\tools\compiler\ti-cgt-arm_18.1.1.LTS\lib\</path>
         <kind>archive</kind>
         <file>rtsv7M4_T_le_v4SPD16_eabi.lib</file>
         <name>copy_decompress_none.c.obj</name>
      </input_file>
      <input_file id="fl-d1">
         <path>C:\ti\ccsv8\tools\compiler\ti-cgt-arm_18.1.1.LTS\lib\</path>
         <kind>archive</kind>
         <file>rtsv7M4_T_le_v4SPD16_eabi.lib</file>
         <name>copy_decompress_lzss.c.obj</name>
      </input_file>
      <input_file id="fl-d2">
         <path>C:\ti\ccsv8\tools\compiler\ti-cgt-arm_18.1.1.LTS\lib\</path>
         <kind>archive</kind>
         <file>rtsv7M4_T_le_v4SPD16_eabi.lib</file>
         <name>boot_cortex_m.c.obj</name>
      </input_file>
      <input_file id="fl-d3">
         <path>C:\ti\ccsv8\tools\compiler\ti-cgt-arm_18.1.1.LTS\lib\</path>
         <kind>archive</kind>
         <file>rtsv7M4_T_le_v4SPD16_eabi.lib</file>
         <name>exit.c.obj</name>
      </input_file>
      <input_file id="fl-d4">
         <path>C:\ti\ccsv8\tools\compiler\ti-cgt-arm_18.1.1.LTS\lib\</path>
         <kind>archive</kind>
         <file>rtsv7M4_T_le_v4SPD16_eabi.lib</file>
         <name>_lock.c.obj</name>
      </input_file>
      <input_file id="fl-d5">
         <path>C:\ti\ccsv8\tools\compiler\ti-cgt-arm_18.1.1.LTS\lib\</path>
         <kind>archive</kind>
         <file>rtsv7M4_T_le_v4SPD16_eabi.lib</file>
         <name>args_main.c.obj</name>
      </input_file>
      <input_file id="fl-d6">
         <path>C:\ti\ccsv8\tools\compiler\ti-cgt-arm_18.1.1.LTS\lib\</path>
         <kind>archive</kind>
         <file>rtsv7M4_T_le_v4SPD16_eabi.lib</file>
         <name>div0.asm.obj</name>
      </input_file>
      <input_file id="fl-d7">
         <path>C:\ti\ccsv8\tools\compiler\ti-cgt-arm_18.1.1.LTS\lib\</path>
         <kind>archive</kind>
         <file>rtsv7M4_T_le_v4SPD16_eabi.lib</file>
         <name>autoinit.c.obj</name>
      </input_file>
      <input_file id="fl-d8">
         <path>C:\ti\ccsv8\tools\compiler\ti-cgt-arm_18.1.1.LTS\lib\</path>
         <kind>archive</kind>
         <file>rtsv7M4_T_le_v4SPD16_eabi.lib</file>
         <name>pre_init.c.obj</name>
      </input_file>
      <input_file id="fl-d9">
         <path>C:\ti\ccsv8\tools\compiler\ti-cgt-arm_18.1.1.LTS\lib\</path>
         <kind>archive</kind>
         <file>rtsv7M4_T_le_v4SPD16_eabi.lib</file>
         <name>cpy_tbl.c.obj</name>
      </input_file>
      <input_file id="fl-da">
         <path>C:\ti\TivaWare_C_Series-2.1.4.178\driverlib\ccs\Debug\</path>
         <kind>archive</kind>
         <file>driverlib.lib</file>
         <name>can.obj</name>
      </input_file>
      <input_file id="fl-db">
         <path>C:\ti\TivaWare_C_Series-2.1.4.178\driverlib\ccs\Debug\</path>
         <kind>archive</kind>
         <file>driverlib.lib</file>
         <name>gpio.obj</name>
      </input_file>
      <input_file id="fl-dc">
         <path>C:\ti\TivaWare_C_Series-2.1.4.178\driverlib\ccs\Debug\</path>
         <kind>archive</kind>
         <file>driverlib.lib</file>
         <name>interrupt.obj</name>
      </input_file>
      <input_file id="fl-dd">
         <path>C:\ti\TivaWare_C_Series-2.1.4.178\driverlib\ccs\Debug\</path>
         <kind>archive</kind>
         <file>driverlib.lib</file>
         <name>sysctl.obj</name>
      </input_file>
      <input_file id="fl-de">
         <path>C:\ti\TivaWare_C_Series-2.1.4.178\driverlib\ccs\Debug\</path>
         <kind>archive</kind>
         <file>driverlib.lib</file>
         <name>uart.obj</name>
      </input_file>
      <input_file id="fl-df">
         <path>C:\ti\TivaWare_C_Series-2.1.4.178\driverlib\ccs\Debug\</path>
         <kind>archive</kind>
         <file>driverlib.lib</file>
         <name>cpu.obj</name>
      </input_file>
   </input_file_list>
   <object_component_list>
      <object_component id="oc-f">
         <name>.intvecs</name>
         <load_address>0x0</load_address>
         <run_address>0x0</run_address>
         <size>0x26c</size>
         <input_file_ref idref="fl-3"/>
      </object_component>
      <object_component id="oc-82">
         <name>.text</name>
         <load_address>0x26c</load_address>
         <run_address>0x26c</run_address>
         <size>0x18a8</size>
         <input_file_ref idref="fl-10"/>
      </object_component>
      <object_component id="oc-b0">
         <name>.text</name>
         <load_address>0x1b14</load_address>
         <run_address>0x1b14</run_address>
         <size>0x4dc</size>
         <input_file_ref idref="fl-4"/>
      </object_component>
      <object_component id="oc-f8">
         <name>.text</name>
         <load_address>0x1ff0</load_address>
         <run_address>0x1ff0</run_address>
         <size>0x472</size>
         <input_file_ref idref="fl-c"/>
      </object_component>
      <object_component id="oc-2b5">
         <name>.text</name>
         <load_address>0x2462</load_address>
         <run_address>0x2462</run_address>
         <size>0x2</size>
         <input_file_ref idref="fl-d6"/>
      </object_component>
      <object_component id="oc-35">
         <name>.text</name>
         <load_address>0x2464</load_address>
         <run_address>0x2464</run_address>
         <size>0x29c</size>
         <input_file_ref idref="fl-6"/>
      </object_component>
      <object_component id="oc-2f">
         <name>.text</name>
         <load_address>0x2700</load_address>
         <run_address>0x2700</run_address>
         <size>0x13c</size>
         <input_file_ref idref="fl-9"/>
      </object_component>
      <object_component id="oc-f2">
         <name>.text:CANMessageSet</name>
         <load_address>0x283c</load_address>
         <run_address>0x283c</run_address>
         <size>0x136</size>
         <input_file_ref idref="fl-da"/>
      </object_component>
      <object_component id="oc-1ad">
         <name>.text:GPIOPadConfigSet</name>
         <load_address>0x2972</load_address>
         <run_address>0x2972</run_address>
         <size>0x132</size>
         <input_file_ref idref="fl-db"/>
      </object_component>
      <object_component id="oc-165">
         <name>.text</name>
         <load_address>0x2aa4</load_address>
         <run_address>0x2aa4</run_address>
         <size>0x132</size>
         <input_file_ref idref="fl-d"/>
      </object_component>
      <object_component id="oc-d4">
         <name>.text:SysCtlClockGet</name>
         <load_address>0x2bd8</load_address>
         <run_address>0x2bd8</run_address>
         <size>0x110</size>
         <input_file_ref idref="fl-dd"/>
      </object_component>
      <object_component id="oc-fe">
         <name>.text:CANMessageGet</name>
         <load_address>0x2ce8</load_address>
         <run_address>0x2ce8</run_address>
         <size>0x10e</size>
         <input_file_ref idref="fl-da"/>
      </object_component>
      <object_component id="oc-143">
         <name>.text</name>
         <load_address>0x2df8</load_address>
         <run_address>0x2df8</run_address>
         <size>0xfc</size>
         <input_file_ref idref="fl-2"/>
      </object_component>
      <object_component id="oc-2a">
         <name>.text</name>
         <load_address>0x2ef4</load_address>
         <run_address>0x2ef4</run_address>
         <size>0xda</size>
         <input_file_ref idref="fl-a"/>
      </object_component>
      <object_component id="oc-232">
         <name>.text</name>
         <load_address>0x2fd0</load_address>
         <run_address>0x2fd0</run_address>
         <size>0xd4</size>
         <input_file_ref idref="fl-5"/>
      </object_component>
      <object_component id="oc-15f">
         <name>.text</name>
         <load_address>0x30a4</load_address>
         <run_address>0x30a4</run_address>
         <size>0x9c</size>
         <input_file_ref idref="fl-8"/>
      </object_component>
      <object_component id="oc-49">
         <name>.text</name>
         <load_address>0x3140</load_address>
         <run_address>0x3140</run_address>
         <size>0x9c</size>
         <input_file_ref idref="fl-cd"/>
      </object_component>
      <object_component id="oc-137">
         <name>.text</name>
         <load_address>0x31dc</load_address>
         <run_address>0x31dc</run_address>
         <size>0x7a</size>
         <input_file_ref idref="fl-ce"/>
      </object_component>
      <object_component id="oc-da">
         <name>.text:CANBitRateSet</name>
         <load_address>0x3258</load_address>
         <run_address>0x3258</run_address>
         <size>0x6c</size>
         <input_file_ref idref="fl-da"/>
      </object_component>
      <object_component id="oc-e6">
         <name>.text:IntEnable</name>
         <load_address>0x32c4</load_address>
         <run_address>0x32c4</run_address>
         <size>0x68</size>
         <input_file_ref idref="fl-dc"/>
      </object_component>
      <object_component id="oc-12">
         <name>.text:decompress:lzss:__TI_decompress_lzss</name>
         <load_address>0x332c</load_address>
         <run_address>0x332c</run_address>
         <size>0x68</size>
         <input_file_ref idref="fl-d1"/>
      </object_component>
      <object_component id="oc-22c">
         <name>.text</name>
         <load_address>0x3394</load_address>
         <run_address>0x3394</run_address>
         <size>0x58</size>
         <input_file_ref idref="fl-7"/>
      </object_component>
      <object_component id="oc-9e">
         <name>.text:GPIOPinConfigure</name>
         <load_address>0x33ec</load_address>
         <run_address>0x33ec</run_address>
         <size>0x48</size>
         <input_file_ref idref="fl-db"/>
      </object_component>
      <object_component id="oc-245">
         <name>.text:__TI_auto_init_nobinit_nopinit:__TI_auto_init_nobinit_nopinit</name>
         <load_address>0x3434</load_address>
         <run_address>0x3434</run_address>
         <size>0x44</size>
         <input_file_ref idref="fl-d7"/>
      </object_component>
      <object_component id="oc-bc">
         <name>.text:CANStatusGet</name>
         <load_address>0x3478</load_address>
         <run_address>0x3478</run_address>
         <size>0x40</size>
         <input_file_ref idref="fl-da"/>
      </object_component>
      <object_component id="oc-1bd">
         <name>.text</name>
         <load_address>0x34b8</load_address>
         <run_address>0x34b8</run_address>
         <size>0x40</size>
         <input_file_ref idref="fl-cc"/>
      </object_component>
      <object_component id="oc-ce">
         <name>.text:CANInit</name>
         <load_address>0x34f8</load_address>
         <run_address>0x34f8</run_address>
         <size>0x3a</size>
         <input_file_ref idref="fl-da"/>
      </object_component>
      <object_component id="oc-2d3">
         <name>.text:SysCtlPeripheralReady</name>
         <load_address>0x3534</load_address>
         <run_address>0x3534</run_address>
         <size>0x38</size>
         <input_file_ref idref="fl-dd"/>
      </object_component>
      <object_component id="oc-67">
         <name>.text:_c_int00_noargs:_c_int00_noargs</name>
         <load_address>0x356c</load_address>
         <run_address>0x356c</run_address>
         <size>0x38</size>
         <input_file_ref idref="fl-d2"/>
      </object_component>
      <object_component id="oc-98">
         <name>.text:SysCtlPeripheralEnable</name>
         <load_address>0x35a4</load_address>
         <run_address>0x35a4</run_address>
         <size>0x34</size>
         <input_file_ref idref="fl-dd"/>
      </object_component>
      <object_component id="oc-1a7">
         <name>.text:GPIODirModeSet</name>
         <load_address>0x35d8</load_address>
         <run_address>0x35d8</run_address>
         <size>0x2a</size>
         <input_file_ref idref="fl-db"/>
      </object_component>
      <object_component id="oc-1f9">
         <name>.text:_CANDataRegRead</name>
         <load_address>0x3602</load_address>
         <run_address>0x3602</run_address>
         <size>0x2a</size>
         <input_file_ref idref="fl-da"/>
      </object_component>
      <object_component id="oc-1eb">
         <name>.text:_CANDataRegWrite</name>
         <load_address>0x362c</load_address>
         <run_address>0x362c</run_address>
         <size>0x24</size>
         <input_file_ref idref="fl-da"/>
      </object_component>
      <object_component id="oc-c2">
         <name>.text:CANIntClear</name>
         <load_address>0x3650</load_address>
         <run_address>0x3650</run_address>
         <size>0x22</size>
         <input_file_ref idref="fl-da"/>
      </object_component>
      <object_component id="oc-b6">
         <name>.text:CANIntStatus</name>
         <load_address>0x3672</load_address>
         <run_address>0x3672</run_address>
         <size>0x20</size>
         <input_file_ref idref="fl-da"/>
      </object_component>
      <object_component id="oc-2d9">
         <name>.text:GPIOPinTypeGPIOOutput</name>
         <load_address>0x3692</load_address>
         <run_address>0x3692</run_address>
         <size>0x18</size>
         <input_file_ref idref="fl-db"/>
      </object_component>
      <object_component id="oc-c8">
         <name>.text:GPIOPinTypeCAN</name>
         <load_address>0x36aa</load_address>
         <run_address>0x36aa</run_address>
         <size>0x12</size>
         <input_file_ref idref="fl-db"/>
      </object_component>
      <object_component id="oc-2e7">
         <name>.text:GPIOPinTypeGPIOInput</name>
         <load_address>0x36bc</load_address>
         <run_address>0x36bc</run_address>
         <size>0x12</size>
         <input_file_ref idref="fl-db"/>
      </object_component>
      <object_component id="oc-aa">
         <name>.text:GPIOPinTypeUART</name>
         <load_address>0x36ce</load_address>
         <run_address>0x36ce</run_address>
         <size>0x12</size>
         <input_file_ref idref="fl-db"/>
      </object_component>
      <object_component id="oc-18">
         <name>.text:decompress:none:__TI_decompress_none</name>
         <load_address>0x36e0</load_address>
         <run_address>0x36e0</run_address>
         <size>0xe</size>
         <input_file_ref idref="fl-d0"/>
      </object_component>
      <object_component id="oc-5b">
         <name>.text:decompress:ZI:__TI_zero_init</name>
         <load_address>0x36ee</load_address>
         <run_address>0x36ee</run_address>
         <size>0xc</size>
         <input_file_ref idref="fl-cf"/>
      </object_component>
      <object_component id="oc-24">
         <name>.text</name>
         <load_address>0x36fa</load_address>
         <run_address>0x36fa</run_address>
         <size>0xc</size>
         <input_file_ref idref="fl-3"/>
      </object_component>
      <object_component id="oc-ec">
         <name>.text:CANEnable</name>
         <load_address>0x3706</load_address>
         <run_address>0x3706</run_address>
         <size>0xa</size>
         <input_file_ref idref="fl-da"/>
      </object_component>
      <object_component id="oc-e0">
         <name>.text:CANIntEnable</name>
         <load_address>0x3710</load_address>
         <run_address>0x3710</run_address>
         <size>0x8</size>
         <input_file_ref idref="fl-da"/>
      </object_component>
      <object_component id="oc-2ed">
         <name>.text:GPIOPinRead</name>
         <load_address>0x3718</load_address>
         <run_address>0x3718</run_address>
         <size>0x6</size>
         <input_file_ref idref="fl-db"/>
      </object_component>
      <object_component id="oc-2df">
         <name>.text:GPIOPinWrite</name>
         <load_address>0x371e</load_address>
         <run_address>0x371e</run_address>
         <size>0x6</size>
         <input_file_ref idref="fl-db"/>
      </object_component>
      <object_component id="oc-a4">
         <name>.text:UARTClockSourceSet</name>
         <load_address>0x3724</load_address>
         <run_address>0x3724</run_address>
         <size>0x6</size>
         <input_file_ref idref="fl-de"/>
      </object_component>
      <object_component id="oc-13d">
         <name>.text:_system_pre_init</name>
         <load_address>0x372a</load_address>
         <run_address>0x372a</run_address>
         <size>0x4</size>
         <input_file_ref idref="fl-d8"/>
      </object_component>
      <object_component id="oc-239">
         <name>.text:abort:abort</name>
         <load_address>0x372e</load_address>
         <run_address>0x372e</run_address>
         <size>0x4</size>
         <input_file_ref idref="fl-d3"/>
      </object_component>
      <object_component id="oc-1a0">
         <name>.const:g_pui32GPIOBaseAddrs</name>
         <load_address>0x3734</load_address>
         <run_address>0x3734</run_address>
         <size>0x90</size>
         <input_file_ref idref="fl-db"/>
      </object_component>
      <object_component id="oc-1e5">
         <name>.const</name>
         <load_address>0x37c4</load_address>
         <run_address>0x37c4</run_address>
         <size>0x70</size>
         <input_file_ref idref="fl-dc"/>
      </object_component>
      <object_component id="oc-1dc">
         <name>.const:g_pui32Xtals</name>
         <load_address>0x3834</load_address>
         <run_address>0x3834</run_address>
         <size>0x6c</size>
         <input_file_ref idref="fl-dd"/>
      </object_component>
      <object_component id="oc-1e0">
         <name>.const</name>
         <load_address>0x38a0</load_address>
         <run_address>0x38a0</run_address>
         <size>0x20</size>
         <input_file_ref idref="fl-da"/>
      </object_component>
      <object_component id="oc-2bb">
         <name>.const:.string</name>
         <load_address>0x38c0</load_address>
         <run_address>0x38c0</run_address>
         <size>0x12</size>
         <input_file_ref idref="fl-4"/>
      </object_component>
      <object_component id="oc-1ba">
         <name>.const:g_ui32UARTBase</name>
         <load_address>0x38d4</load_address>
         <run_address>0x38d4</run_address>
         <size>0xc</size>
         <input_file_ref idref="fl-4"/>
      </object_component>
      <object_component id="oc-1b4">
         <name>.const:g_ui32UARTPeriph</name>
         <load_address>0x38e0</load_address>
         <run_address>0x38e0</run_address>
         <size>0xc</size>
         <input_file_ref idref="fl-4"/>
      </object_component>
      <object_component id="oc-7f">
         <name>.const</name>
         <load_address>0x38ec</load_address>
         <run_address>0x38ec</run_address>
         <size>0x4</size>
         <input_file_ref idref="fl-9"/>
      </object_component>
      <object_component id="oc-1c2">
         <name>.const</name>
         <load_address>0x38f0</load_address>
         <run_address>0x38f0</run_address>
         <size>0x4</size>
         <input_file_ref idref="fl-4"/>
      </object_component>
      <object_component id="oc-386">
         <name>.cinit..data.load</name>
         <load_address>0x38f8</load_address>
         <run_address>0x38f8</run_address>
         <size>0x1c</size>
      </object_component>
      <object_component id="oc-384">
         <name>__TI_handler_table</name>
         <load_address>0x3914</load_address>
         <run_address>0x3914</run_address>
         <size>0xc</size>
      </object_component>
      <object_component id="oc-387">
         <name>.cinit..bss.load</name>
         <load_address>0x3920</load_address>
         <run_address>0x3920</run_address>
         <size>0x8</size>
      </object_component>
      <object_component id="oc-385">
         <name>__TI_cinit_table</name>
         <load_address>0x3928</load_address>
         <run_address>0x3928</run_address>
         <size>0x10</size>
      </object_component>
      <object_component id="oc-1b7">
         <name>.data</name>
         <load_address>0x2000792c</load_address>
         <run_address>0x2000792c</run_address>
         <size>0x5</size>
         <input_file_ref idref="fl-4"/>
      </object_component>
      <object_component id="oc-2f3">
         <name>.data</name>
         <load_address>0x20007935</load_address>
         <run_address>0x20007935</run_address>
         <size>0x3</size>
         <input_file_ref idref="fl-5"/>
      </object_component>
      <object_component id="oc-104">
         <name>.data</name>
         <load_address>0x2000791c</load_address>
         <run_address>0x2000791c</run_address>
         <size>0x8</size>
         <input_file_ref idref="fl-6"/>
      </object_component>
      <object_component id="oc-10d">
         <name>.data:Node</name>
         <load_address>0x20007931</load_address>
         <run_address>0x20007931</run_address>
         <size>0x4</size>
         <input_file_ref idref="fl-6"/>
      </object_component>
      <object_component id="oc-288">
         <name>.data</name>
         <load_address>0x20007924</load_address>
         <run_address>0x20007924</run_address>
         <size>0x8</size>
         <input_file_ref idref="fl-8"/>
      </object_component>
      <object_component id="oc-89">
         <name>.data</name>
         <load_address>0x20007938</load_address>
         <run_address>0x20007938</run_address>
         <size>0x4</size>
         <input_file_ref idref="fl-9"/>
      </object_component>
      <object_component id="oc-7c">
         <name>.data</name>
         <load_address>0x200078e8</load_address>
         <run_address>0x200078e8</run_address>
         <size>0x34</size>
         <input_file_ref idref="fl-10"/>
      </object_component>
      <object_component id="oc-2f6">
         <name>.bss</name>
         <uninitialized>true</uninitialized>
         <run_address>0x200076e0</run_address>
         <size>0x1</size>
         <input_file_ref idref="fl-5"/>
      </object_component>
      <object_component id="oc-28b">
         <name>.bss:ucHeap</name>
         <uninitialized>true</uninitialized>
         <run_address>0x20000000</run_address>
         <size>0x7530</size>
         <input_file_ref idref="fl-8"/>
      </object_component>
      <object_component id="oc-16b">
         <name>.bss:pxReadyTasksLists</name>
         <uninitialized>true</uninitialized>
         <run_address>0x20007530</run_address>
         <size>0x140</size>
         <input_file_ref idref="fl-10"/>
      </object_component>
      <object_component id="oc-17a">
         <name>.bss:xDelayedTaskList1</name>
         <uninitialized>true</uninitialized>
         <run_address>0x20007670</run_address>
         <size>0x14</size>
         <input_file_ref idref="fl-10"/>
      </object_component>
      <object_component id="oc-17d">
         <name>.bss:xDelayedTaskList2</name>
         <uninitialized>true</uninitialized>
         <run_address>0x20007684</run_address>
         <size>0x14</size>
         <input_file_ref idref="fl-10"/>
      </object_component>
      <object_component id="oc-171">
         <name>.bss</name>
         <uninitialized>true</uninitialized>
         <run_address>0x200076d4</run_address>
         <size>0x8</size>
         <input_file_ref idref="fl-10"/>
      </object_component>
      <object_component id="oc-177">
         <name>.bss:xPendingReadyList</name>
         <uninitialized>true</uninitialized>
         <run_address>0x20007698</run_address>
         <size>0x14</size>
         <input_file_ref idref="fl-10"/>
      </object_component>
      <object_component id="oc-16e">
         <name>.bss:xTasksWaitingTermination</name>
         <uninitialized>true</uninitialized>
         <run_address>0x200076c0</run_address>
         <size>0x14</size>
         <input_file_ref idref="fl-10"/>
      </object_component>
      <object_component id="oc-174">
         <name>.bss:xSuspendedTaskList</name>
         <uninitialized>true</uninitialized>
         <run_address>0x200076ac</run_address>
         <size>0x14</size>
         <input_file_ref idref="fl-10"/>
      </object_component>
      <object_component id="oc-107">
         <name>.common:xEventGroup</name>
         <uninitialized>true</uninitialized>
         <run_address>0x200076dc</run_address>
         <size>0x4</size>
      </object_component>
      <object_component id="oc-10a">
         <name>.common:Source</name>
         <uninitialized>true</uninitialized>
         <run_address>0x200076e1</run_address>
         <size>0x1</size>
      </object_component>
      <object_component id="oc-21">
         <name>.stack</name>
         <uninitialized>true</uninitialized>
         <run_address>0x200076e8</run_address>
         <size>0x4</size>
         <input_file_ref idref="fl-d2"/>
      </object_component>
      <object_component id="oc-388">
         <name>.stack</name>
         <uninitialized>true</uninitialized>
         <run_address>0x200076e8</run_address>
         <size>0x0</size>
      </object_component>
      <object_component id="oc-108">
         <name>.debug_info</name>
         <load_address>0x0</load_address>
         <run_address>0x0</run_address>
         <size>0x5c6</size>
         <input_file_ref idref="fl-2"/>
      </object_component>
      <object_component id="oc-144">
         <name>.debug_info</name>
         <load_address>0x5c6</load_address>
         <run_address>0x5c6</run_address>
         <size>0x2af</size>
         <input_file_ref idref="fl-2"/>
      </object_component>
      <object_component id="oc-18a">
         <name>.debug_info</name>
         <load_address>0x875</load_address>
         <run_address>0x875</run_address>
         <size>0x315</size>
         <input_file_ref idref="fl-2"/>
      </object_component>
      <object_component id="oc-11d">
         <name>.debug_info</name>
         <load_address>0xb8a</load_address>
         <run_address>0xb8a</run_address>
         <size>0x26b</size>
         <input_file_ref idref="fl-2"/>
      </object_component>
      <object_component id="oc-194">
         <name>.debug_info</name>
         <load_address>0xdf5</load_address>
         <run_address>0xdf5</run_address>
         <size>0x461</size>
         <input_file_ref idref="fl-2"/>
      </object_component>
      <object_component id="oc-204">
         <name>.debug_info</name>
         <load_address>0x1256</load_address>
         <run_address>0x1256</run_address>
         <size>0x98</size>
         <input_file_ref idref="fl-2"/>
      </object_component>
      <object_component id="oc-209">
         <name>.debug_info</name>
         <load_address>0x12ee</load_address>
         <run_address>0x12ee</run_address>
         <size>0x4f</size>
         <input_file_ref idref="fl-2"/>
      </object_component>
      <object_component id="oc-44">
         <name>.debug_info</name>
         <load_address>0x133d</load_address>
         <run_address>0x133d</run_address>
         <size>0x84</size>
         <input_file_ref idref="fl-2"/>
      </object_component>
      <object_component id="oc-8e">
         <name>.debug_info</name>
         <load_address>0x13c1</load_address>
         <run_address>0x13c1</run_address>
         <size>0x2c</size>
         <input_file_ref idref="fl-2"/>
      </object_component>
      <object_component id="oc-20e">
         <name>.debug_info</name>
         <load_address>0x13ed</load_address>
         <run_address>0x13ed</run_address>
         <size>0x4f</size>
         <input_file_ref idref="fl-2"/>
      </object_component>
      <object_component id="oc-217">
         <name>.debug_info</name>
         <load_address>0x143c</load_address>
         <run_address>0x143c</run_address>
         <size>0x297</size>
         <input_file_ref idref="fl-2"/>
      </object_component>
      <object_component id="oc-111">
         <name>.debug_info</name>
         <load_address>0x16d3</load_address>
         <run_address>0x16d3</run_address>
         <size>0xbb</size>
         <input_file_ref idref="fl-2"/>
      </object_component>
      <object_component id="oc-93">
         <name>.debug_info</name>
         <load_address>0x178e</load_address>
         <run_address>0x178e</run_address>
         <size>0x53</size>
         <input_file_ref idref="fl-2"/>
      </object_component>
      <object_component id="oc-185">
         <name>.debug_info</name>
         <load_address>0x17e1</load_address>
         <run_address>0x17e1</run_address>
         <size>0x53</size>
         <input_file_ref idref="fl-2"/>
      </object_component>
      <object_component id="oc-18f">
         <name>.debug_info</name>
         <load_address>0x1834</load_address>
         <run_address>0x1834</run_address>
         <size>0x14c</size>
         <input_file_ref idref="fl-2"/>
      </object_component>
      <object_component id="oc-3d">
         <name>.debug_info</name>
         <load_address>0x1980</load_address>
         <run_address>0x1980</run_address>
         <size>0x34c</size>
         <input_file_ref idref="fl-3"/>
      </object_component>
      <object_component id="oc-10">
         <name>.debug_info</name>
         <load_address>0x1ccc</load_address>
         <run_address>0x1ccc</run_address>
         <size>0xe9</size>
         <input_file_ref idref="fl-3"/>
      </object_component>
      <object_component id="oc-25">
         <name>.debug_info</name>
         <load_address>0x1db5</load_address>
         <run_address>0x1db5</run_address>
         <size>0x265</size>
         <input_file_ref idref="fl-3"/>
      </object_component>
      <object_component id="oc-1cb">
         <name>.debug_info</name>
         <load_address>0x201a</load_address>
         <run_address>0x201a</run_address>
         <size>0x294</size>
         <input_file_ref idref="fl-4"/>
      </object_component>
      <object_component id="oc-1b8">
         <name>.debug_info</name>
         <load_address>0x22ae</load_address>
         <run_address>0x22ae</run_address>
         <size>0xd5</size>
         <input_file_ref idref="fl-4"/>
      </object_component>
      <object_component id="oc-1c3">
         <name>.debug_info</name>
         <load_address>0x2383</load_address>
         <run_address>0x2383</run_address>
         <size>0xcf</size>
         <input_file_ref idref="fl-4"/>
      </object_component>
      <object_component id="oc-1bb">
         <name>.debug_info</name>
         <load_address>0x2452</load_address>
         <run_address>0x2452</run_address>
         <size>0xdd</size>
         <input_file_ref idref="fl-4"/>
      </object_component>
      <object_component id="oc-1b5">
         <name>.debug_info</name>
         <load_address>0x252f</load_address>
         <run_address>0x252f</run_address>
         <size>0xe1</size>
         <input_file_ref idref="fl-4"/>
      </object_component>
      <object_component id="oc-b1">
         <name>.debug_info</name>
         <load_address>0x2610</load_address>
         <run_address>0x2610</run_address>
         <size>0x6fd</size>
         <input_file_ref idref="fl-4"/>
      </object_component>
      <object_component id="oc-1c6">
         <name>.debug_info</name>
         <load_address>0x2d0d</load_address>
         <run_address>0x2d0d</run_address>
         <size>0x8b</size>
         <input_file_ref idref="fl-4"/>
      </object_component>
      <object_component id="oc-1cc">
         <name>.debug_info</name>
         <load_address>0x2d98</load_address>
         <run_address>0x2d98</run_address>
         <size>0x2c</size>
         <input_file_ref idref="fl-4"/>
      </object_component>
      <object_component id="oc-2f8">
         <name>.debug_info</name>
         <load_address>0x2dc4</load_address>
         <run_address>0x2dc4</run_address>
         <size>0x546</size>
         <input_file_ref idref="fl-5"/>
      </object_component>
      <object_component id="oc-2f4">
         <name>.debug_info</name>
         <load_address>0x330a</load_address>
         <run_address>0x330a</run_address>
         <size>0xf2</size>
         <input_file_ref idref="fl-5"/>
      </object_component>
      <object_component id="oc-233">
         <name>.debug_info</name>
         <load_address>0x33fc</load_address>
         <run_address>0x33fc</run_address>
         <size>0x33a</size>
         <input_file_ref idref="fl-5"/>
      </object_component>
      <object_component id="oc-10b">
         <name>.debug_info</name>
         <load_address>0x3736</load_address>
         <run_address>0x3736</run_address>
         <size>0x848</size>
         <input_file_ref idref="fl-6"/>
      </object_component>
      <object_component id="oc-105">
         <name>.debug_info</name>
         <load_address>0x3f7e</load_address>
         <run_address>0x3f7e</run_address>
         <size>0x147</size>
         <input_file_ref idref="fl-6"/>
      </object_component>
      <object_component id="oc-10e">
         <name>.debug_info</name>
         <load_address>0x40c5</load_address>
         <run_address>0x40c5</run_address>
         <size>0xd0</size>
         <input_file_ref idref="fl-6"/>
      </object_component>
      <object_component id="oc-36">
         <name>.debug_info</name>
         <load_address>0x4195</load_address>
         <run_address>0x4195</run_address>
         <size>0x7b9</size>
         <input_file_ref idref="fl-6"/>
      </object_component>
      <object_component id="oc-116">
         <name>.debug_info</name>
         <load_address>0x494e</load_address>
         <run_address>0x494e</run_address>
         <size>0x1b3</size>
         <input_file_ref idref="fl-6"/>
      </object_component>
      <object_component id="oc-2e6">
         <name>.debug_info</name>
         <load_address>0x4b01</load_address>
         <run_address>0x4b01</run_address>
         <size>0x521</size>
         <input_file_ref idref="fl-7"/>
      </object_component>
      <object_component id="oc-22d">
         <name>.debug_info</name>
         <load_address>0x5022</load_address>
         <run_address>0x5022</run_address>
         <size>0x261</size>
         <input_file_ref idref="fl-7"/>
      </object_component>
      <object_component id="oc-28f">
         <name>.debug_info</name>
         <load_address>0x5283</load_address>
         <run_address>0x5283</run_address>
         <size>0x3ef</size>
         <input_file_ref idref="fl-8"/>
      </object_component>
      <object_component id="oc-28c">
         <name>.debug_info</name>
         <load_address>0x5672</load_address>
         <run_address>0x5672</run_address>
         <size>0xd6</size>
         <input_file_ref idref="fl-8"/>
      </object_component>
      <object_component id="oc-289">
         <name>.debug_info</name>
         <load_address>0x5748</load_address>
         <run_address>0x5748</run_address>
         <size>0xe4</size>
         <input_file_ref idref="fl-8"/>
      </object_component>
      <object_component id="oc-161">
         <name>.debug_info</name>
         <load_address>0x582c</load_address>
         <run_address>0x582c</run_address>
         <size>0x34c</size>
         <input_file_ref idref="fl-8"/>
      </object_component>
      <object_component id="oc-279">
         <name>.debug_info</name>
         <load_address>0x5b78</load_address>
         <run_address>0x5b78</run_address>
         <size>0x110</size>
         <input_file_ref idref="fl-8"/>
      </object_component>
      <object_component id="oc-283">
         <name>.debug_info</name>
         <load_address>0x5c88</load_address>
         <run_address>0x5c88</run_address>
         <size>0x461</size>
         <input_file_ref idref="fl-8"/>
      </object_component>
      <object_component id="oc-8d">
         <name>.debug_info</name>
         <load_address>0x60e9</load_address>
         <run_address>0x60e9</run_address>
         <size>0x3e7</size>
         <input_file_ref idref="fl-9"/>
      </object_component>
      <object_component id="oc-80">
         <name>.debug_info</name>
         <load_address>0x64d0</load_address>
         <run_address>0x64d0</run_address>
         <size>0x103</size>
         <input_file_ref idref="fl-9"/>
      </object_component>
      <object_component id="oc-8a">
         <name>.debug_info</name>
         <load_address>0x65d3</load_address>
         <run_address>0x65d3</run_address>
         <size>0xea</size>
         <input_file_ref idref="fl-9"/>
      </object_component>
      <object_component id="oc-30">
         <name>.debug_info</name>
         <load_address>0x66bd</load_address>
         <run_address>0x66bd</run_address>
         <size>0x56a</size>
         <input_file_ref idref="fl-9"/>
      </object_component>
      <object_component id="oc-2b">
         <name>.debug_info</name>
         <load_address>0x6c27</load_address>
         <run_address>0x6c27</run_address>
         <size>0x23b</size>
         <input_file_ref idref="fl-a"/>
      </object_component>
      <object_component id="oc-1f8">
         <name>.debug_info</name>
         <load_address>0x6e62</load_address>
         <run_address>0x6e62</run_address>
         <size>0x627</size>
         <input_file_ref idref="fl-c"/>
      </object_component>
      <object_component id="oc-f9">
         <name>.debug_info</name>
         <load_address>0x7489</load_address>
         <run_address>0x7489</run_address>
         <size>0x1446</size>
         <input_file_ref idref="fl-c"/>
      </object_component>
      <object_component id="oc-1f3">
         <name>.debug_info</name>
         <load_address>0x88cf</load_address>
         <run_address>0x88cf</run_address>
         <size>0x8f</size>
         <input_file_ref idref="fl-c"/>
      </object_component>
      <object_component id="oc-2cd">
         <name>.debug_info</name>
         <load_address>0x895e</load_address>
         <run_address>0x895e</run_address>
         <size>0x76</size>
         <input_file_ref idref="fl-c"/>
      </object_component>
      <object_component id="oc-291">
         <name>.debug_info</name>
         <load_address>0x89d4</load_address>
         <run_address>0x89d4</run_address>
         <size>0x359</size>
         <input_file_ref idref="fl-d"/>
      </object_component>
      <object_component id="oc-166">
         <name>.debug_info</name>
         <load_address>0x8d2d</load_address>
         <run_address>0x8d2d</run_address>
         <size>0x463</size>
         <input_file_ref idref="fl-d"/>
      </object_component>
      <object_component id="oc-223">
         <name>.debug_info</name>
         <load_address>0x9190</load_address>
         <run_address>0x9190</run_address>
         <size>0x2c</size>
         <input_file_ref idref="fl-f"/>
      </object_component>
      <object_component id="oc-157">
         <name>.debug_info</name>
         <load_address>0x91bc</load_address>
         <run_address>0x91bc</run_address>
         <size>0x72b</size>
         <input_file_ref idref="fl-10"/>
      </object_component>
      <object_component id="oc-7d">
         <name>.debug_info</name>
         <load_address>0x98e7</load_address>
         <run_address>0x98e7</run_address>
         <size>0x33c</size>
         <input_file_ref idref="fl-10"/>
      </object_component>
      <object_component id="oc-16c">
         <name>.debug_info</name>
         <load_address>0x9c23</load_address>
         <run_address>0x9c23</run_address>
         <size>0xe3</size>
         <input_file_ref idref="fl-10"/>
      </object_component>
      <object_component id="oc-17b">
         <name>.debug_info</name>
         <load_address>0x9d06</load_address>
         <run_address>0x9d06</run_address>
         <size>0xe3</size>
         <input_file_ref idref="fl-10"/>
      </object_component>
      <object_component id="oc-17e">
         <name>.debug_info</name>
         <load_address>0x9de9</load_address>
         <run_address>0x9de9</run_address>
         <size>0xe3</size>
         <input_file_ref idref="fl-10"/>
      </object_component>
      <object_component id="oc-172">
         <name>.debug_info</name>
         <load_address>0x9ecc</load_address>
         <run_address>0x9ecc</run_address>
         <size>0x126</size>
         <input_file_ref idref="fl-10"/>
      </object_component>
      <object_component id="oc-178">
         <name>.debug_info</name>
         <load_address>0x9ff2</load_address>
         <run_address>0x9ff2</run_address>
         <size>0xe3</size>
         <input_file_ref idref="fl-10"/>
      </object_component>
      <object_component id="oc-16f">
         <name>.debug_info</name>
         <load_address>0xa0d5</load_address>
         <run_address>0xa0d5</run_address>
         <size>0xf1</size>
         <input_file_ref idref="fl-10"/>
      </object_component>
      <object_component id="oc-175">
         <name>.debug_info</name>
         <load_address>0xa1c6</load_address>
         <run_address>0xa1c6</run_address>
         <size>0xe5</size>
         <input_file_ref idref="fl-10"/>
      </object_component>
      <object_component id="oc-83">
         <name>.debug_info</name>
         <load_address>0xa2ab</load_address>
         <run_address>0xa2ab</run_address>
         <size>0x4605</size>
         <input_file_ref idref="fl-10"/>
      </object_component>
      <object_component id="oc-158">
         <name>.debug_info</name>
         <load_address>0xe8b0</load_address>
         <run_address>0xe8b0</run_address>
         <size>0x30c</size>
         <input_file_ref idref="fl-10"/>
      </object_component>
      <object_component id="oc-27e">
         <name>.debug_info</name>
         <load_address>0xebbc</load_address>
         <run_address>0xebbc</run_address>
         <size>0x144</size>
         <input_file_ref idref="fl-10"/>
      </object_component>
      <object_component id="oc-1be">
         <name>.debug_info</name>
         <load_address>0xed00</load_address>
         <run_address>0xed00</run_address>
         <size>0x13a</size>
         <input_file_ref idref="fl-cc"/>
      </object_component>
      <object_component id="oc-4b">
         <name>.debug_info</name>
         <load_address>0xee3a</load_address>
         <run_address>0xee3a</run_address>
         <size>0x111</size>
         <input_file_ref idref="fl-cd"/>
      </object_component>
      <object_component id="oc-13a">
         <name>.debug_info</name>
         <load_address>0xef4b</load_address>
         <run_address>0xef4b</run_address>
         <size>0x13f</size>
         <input_file_ref idref="fl-ce"/>
      </object_component>
      <object_component id="oc-136">
         <name>.debug_info</name>
         <load_address>0xf08a</load_address>
         <run_address>0xf08a</run_address>
         <size>0x313</size>
         <input_file_ref idref="fl-cf"/>
      </object_component>
      <object_component id="oc-5f">
         <name>.debug_info</name>
         <load_address>0xf39d</load_address>
         <run_address>0xf39d</run_address>
         <size>0x1aa</size>
         <input_file_ref idref="fl-cf"/>
      </object_component>
      <object_component id="oc-131">
         <name>.debug_info</name>
         <load_address>0xf547</load_address>
         <run_address>0xf547</run_address>
         <size>0x46</size>
         <input_file_ref idref="fl-cf"/>
      </object_component>
      <object_component id="oc-54">
         <name>.debug_info</name>
         <load_address>0xf58d</load_address>
         <run_address>0xf58d</run_address>
         <size>0x29d</size>
         <input_file_ref idref="fl-d0"/>
      </object_component>
      <object_component id="oc-1c">
         <name>.debug_info</name>
         <load_address>0xf82a</load_address>
         <run_address>0xf82a</run_address>
         <size>0x1df</size>
         <input_file_ref idref="fl-d0"/>
      </object_component>
      <object_component id="oc-4f">
         <name>.debug_info</name>
         <load_address>0xfa09</load_address>
         <run_address>0xfa09</run_address>
         <size>0x46</size>
         <input_file_ref idref="fl-d0"/>
      </object_component>
      <object_component id="oc-129">
         <name>.debug_info</name>
         <load_address>0xfa4f</load_address>
         <run_address>0xfa4f</run_address>
         <size>0x2c</size>
         <input_file_ref idref="fl-d0"/>
      </object_component>
      <object_component id="oc-127">
         <name>.debug_info</name>
         <load_address>0xfa7b</load_address>
         <run_address>0xfa7b</run_address>
         <size>0x293</size>
         <input_file_ref idref="fl-d1"/>
      </object_component>
      <object_component id="oc-15">
         <name>.debug_info</name>
         <load_address>0xfd0e</load_address>
         <run_address>0xfd0e</run_address>
         <size>0x245</size>
         <input_file_ref idref="fl-d1"/>
      </object_component>
      <object_component id="oc-3f">
         <name>.debug_info</name>
         <load_address>0xff53</load_address>
         <run_address>0xff53</run_address>
         <size>0x60</size>
         <input_file_ref idref="fl-d1"/>
      </object_component>
      <object_component id="oc-21c">
         <name>.debug_info</name>
         <load_address>0xffb3</load_address>
         <run_address>0xffb3</run_address>
         <size>0x46</size>
         <input_file_ref idref="fl-d1"/>
      </object_component>
      <object_component id="oc-122">
         <name>.debug_info</name>
         <load_address>0xfff9</load_address>
         <run_address>0xfff9</run_address>
         <size>0x39</size>
         <input_file_ref idref="fl-d1"/>
      </object_component>
      <object_component id="oc-22">
         <name>.debug_info</name>
         <load_address>0x10032</load_address>
         <run_address>0x10032</run_address>
         <size>0x100</size>
         <input_file_ref idref="fl-d2"/>
      </object_component>
      <object_component id="oc-6a">
         <name>.debug_info</name>
         <load_address>0x10132</load_address>
         <run_address>0x10132</run_address>
         <size>0x1a4</size>
         <input_file_ref idref="fl-d2"/>
      </object_component>
      <object_component id="oc-23a">
         <name>.debug_info</name>
         <load_address>0x102d6</load_address>
         <run_address>0x102d6</run_address>
         <size>0x117</size>
         <input_file_ref idref="fl-d3"/>
      </object_component>
      <object_component id="oc-2b8">
         <name>.debug_info</name>
         <load_address>0x103ed</load_address>
         <run_address>0x103ed</run_address>
         <size>0x10d</size>
         <input_file_ref idref="fl-d6"/>
      </object_component>
      <object_component id="oc-304">
         <name>.debug_info</name>
         <load_address>0x104fa</load_address>
         <run_address>0x104fa</run_address>
         <size>0x547</size>
         <input_file_ref idref="fl-d7"/>
      </object_component>
      <object_component id="oc-247">
         <name>.debug_info</name>
         <load_address>0x10a41</load_address>
         <run_address>0x10a41</run_address>
         <size>0x19b</size>
         <input_file_ref idref="fl-d7"/>
      </object_component>
      <object_component id="oc-33d">
         <name>.debug_info</name>
         <load_address>0x10bdc</load_address>
         <run_address>0x10bdc</run_address>
         <size>0x39</size>
         <input_file_ref idref="fl-d7"/>
      </object_component>
      <object_component id="oc-351">
         <name>.debug_info</name>
         <load_address>0x10c15</load_address>
         <run_address>0x10c15</run_address>
         <size>0x39</size>
         <input_file_ref idref="fl-d7"/>
      </object_component>
      <object_component id="oc-342">
         <name>.debug_info</name>
         <load_address>0x10c4e</load_address>
         <run_address>0x10c4e</run_address>
         <size>0x39</size>
         <input_file_ref idref="fl-d7"/>
      </object_component>
      <object_component id="oc-347">
         <name>.debug_info</name>
         <load_address>0x10c87</load_address>
         <run_address>0x10c87</run_address>
         <size>0xcd</size>
         <input_file_ref idref="fl-d7"/>
      </object_component>
      <object_component id="oc-141">
         <name>.debug_info</name>
         <load_address>0x10d54</load_address>
         <run_address>0x10d54</run_address>
         <size>0x148</size>
         <input_file_ref idref="fl-d8"/>
      </object_component>
      <object_component id="oc-1d7">
         <name>.debug_info</name>
         <load_address>0x10e9c</load_address>
         <run_address>0x10e9c</run_address>
         <size>0x227</size>
         <input_file_ref idref="fl-da"/>
      </object_component>
      <object_component id="oc-1e1">
         <name>.debug_info</name>
         <load_address>0x110c3</load_address>
         <run_address>0x110c3</run_address>
         <size>0x156</size>
         <input_file_ref idref="fl-da"/>
      </object_component>
      <object_component id="oc-bd">
         <name>.debug_info</name>
         <load_address>0x11219</load_address>
         <run_address>0x11219</run_address>
         <size>0x286</size>
         <input_file_ref idref="fl-da"/>
      </object_component>
      <object_component id="oc-1ec">
         <name>.debug_info</name>
         <load_address>0x1149f</load_address>
         <run_address>0x1149f</run_address>
         <size>0x2dd</size>
         <input_file_ref idref="fl-da"/>
      </object_component>
      <object_component id="oc-f3">
         <name>.debug_info</name>
         <load_address>0x1177c</load_address>
         <run_address>0x1177c</run_address>
         <size>0x413</size>
         <input_file_ref idref="fl-da"/>
      </object_component>
      <object_component id="oc-1fa">
         <name>.debug_info</name>
         <load_address>0x11b8f</load_address>
         <run_address>0x11b8f</run_address>
         <size>0x2de</size>
         <input_file_ref idref="fl-da"/>
      </object_component>
      <object_component id="oc-ff">
         <name>.debug_info</name>
         <load_address>0x11e6d</load_address>
         <run_address>0x11e6d</run_address>
         <size>0x3e8</size>
         <input_file_ref idref="fl-da"/>
      </object_component>
      <object_component id="oc-b7">
         <name>.debug_info</name>
         <load_address>0x12255</load_address>
         <run_address>0x12255</run_address>
         <size>0x28c</size>
         <input_file_ref idref="fl-da"/>
      </object_component>
      <object_component id="oc-e1">
         <name>.debug_info</name>
         <load_address>0x124e1</load_address>
         <run_address>0x124e1</run_address>
         <size>0x28a</size>
         <input_file_ref idref="fl-da"/>
      </object_component>
      <object_component id="oc-c3">
         <name>.debug_info</name>
         <load_address>0x1276b</load_address>
         <run_address>0x1276b</run_address>
         <size>0x286</size>
         <input_file_ref idref="fl-da"/>
      </object_component>
      <object_component id="oc-cf">
         <name>.debug_info</name>
         <load_address>0x129f1</load_address>
         <run_address>0x129f1</run_address>
         <size>0x26c</size>
         <input_file_ref idref="fl-da"/>
      </object_component>
      <object_component id="oc-ed">
         <name>.debug_info</name>
         <load_address>0x12c5d</load_address>
         <run_address>0x12c5d</run_address>
         <size>0x242</size>
         <input_file_ref idref="fl-da"/>
      </object_component>
      <object_component id="oc-db">
         <name>.debug_info</name>
         <load_address>0x12e9f</load_address>
         <run_address>0x12e9f</run_address>
         <size>0x360</size>
         <input_file_ref idref="fl-da"/>
      </object_component>
      <object_component id="oc-1d2">
         <name>.debug_info</name>
         <load_address>0x131ff</load_address>
         <run_address>0x131ff</run_address>
         <size>0x1b3</size>
         <input_file_ref idref="fl-da"/>
      </object_component>
      <object_component id="oc-19a">
         <name>.debug_info</name>
         <load_address>0x133b2</load_address>
         <run_address>0x133b2</run_address>
         <size>0x18b</size>
         <input_file_ref idref="fl-da"/>
      </object_component>
      <object_component id="oc-1a4">
         <name>.debug_info</name>
         <load_address>0x1353d</load_address>
         <run_address>0x1353d</run_address>
         <size>0x240</size>
         <input_file_ref idref="fl-db"/>
      </object_component>
      <object_component id="oc-1a1">
         <name>.debug_info</name>
         <load_address>0x1377d</load_address>
         <run_address>0x1377d</run_address>
         <size>0x15b</size>
         <input_file_ref idref="fl-db"/>
      </object_component>
      <object_component id="oc-2e0">
         <name>.debug_info</name>
         <load_address>0x138d8</load_address>
         <run_address>0x138d8</run_address>
         <size>0x2a3</size>
         <input_file_ref idref="fl-db"/>
      </object_component>
      <object_component id="oc-1a9">
         <name>.debug_info</name>
         <load_address>0x13b7b</load_address>
         <run_address>0x13b7b</run_address>
         <size>0x2b3</size>
         <input_file_ref idref="fl-db"/>
      </object_component>
      <object_component id="oc-1af">
         <name>.debug_info</name>
         <load_address>0x13e2e</load_address>
         <run_address>0x13e2e</run_address>
         <size>0x316</size>
         <input_file_ref idref="fl-db"/>
      </object_component>
      <object_component id="oc-ab">
         <name>.debug_info</name>
         <load_address>0x14144</load_address>
         <run_address>0x14144</run_address>
         <size>0x27b</size>
         <input_file_ref idref="fl-db"/>
      </object_component>
      <object_component id="oc-2db">
         <name>.debug_info</name>
         <load_address>0x143bf</load_address>
         <run_address>0x143bf</run_address>
         <size>0x2b7</size>
         <input_file_ref idref="fl-db"/>
      </object_component>
      <object_component id="oc-2e9">
         <name>.debug_info</name>
         <load_address>0x14676</load_address>
         <run_address>0x14676</run_address>
         <size>0x285</size>
         <input_file_ref idref="fl-db"/>
      </object_component>
      <object_component id="oc-ca">
         <name>.debug_info</name>
         <load_address>0x148fb</load_address>
         <run_address>0x148fb</run_address>
         <size>0x279</size>
         <input_file_ref idref="fl-db"/>
      </object_component>
      <object_component id="oc-2ef">
         <name>.debug_info</name>
         <load_address>0x14b74</load_address>
         <run_address>0x14b74</run_address>
         <size>0x27b</size>
         <input_file_ref idref="fl-db"/>
      </object_component>
      <object_component id="oc-a0">
         <name>.debug_info</name>
         <load_address>0x14def</load_address>
         <run_address>0x14def</run_address>
         <size>0x280</size>
         <input_file_ref idref="fl-db"/>
      </object_component>
      <object_component id="oc-1e9">
         <name>.debug_info</name>
         <load_address>0x1506f</load_address>
         <run_address>0x1506f</run_address>
         <size>0x20e</size>
         <input_file_ref idref="fl-dc"/>
      </object_component>
      <object_component id="oc-1e6">
         <name>.debug_info</name>
         <load_address>0x1527d</load_address>
         <run_address>0x1527d</run_address>
         <size>0x210</size>
         <input_file_ref idref="fl-dc"/>
      </object_component>
      <object_component id="oc-e7">
         <name>.debug_info</name>
         <load_address>0x1548d</load_address>
         <run_address>0x1548d</run_address>
         <size>0x268</size>
         <input_file_ref idref="fl-dc"/>
      </object_component>
      <object_component id="oc-19f">
         <name>.debug_info</name>
         <load_address>0x156f5</load_address>
         <run_address>0x156f5</run_address>
         <size>0x298</size>
         <input_file_ref idref="fl-dd"/>
      </object_component>
      <object_component id="oc-1dd">
         <name>.debug_info</name>
         <load_address>0x1598d</load_address>
         <run_address>0x1598d</run_address>
         <size>0x14d</size>
         <input_file_ref idref="fl-dd"/>
      </object_component>
      <object_component id="oc-2d4">
         <name>.debug_info</name>
         <load_address>0x15ada</load_address>
         <run_address>0x15ada</run_address>
         <size>0x27f</size>
         <input_file_ref idref="fl-dd"/>
      </object_component>
      <object_component id="oc-99">
         <name>.debug_info</name>
         <load_address>0x15d59</load_address>
         <run_address>0x15d59</run_address>
         <size>0x27d</size>
         <input_file_ref idref="fl-dd"/>
      </object_component>
      <object_component id="oc-d5">
         <name>.debug_info</name>
         <load_address>0x15fd6</load_address>
         <run_address>0x15fd6</run_address>
         <size>0x2b5</size>
         <input_file_ref idref="fl-dd"/>
      </object_component>
      <object_component id="oc-2a2">
         <name>.debug_info</name>
         <load_address>0x1628b</load_address>
         <run_address>0x1628b</run_address>
         <size>0x5f</size>
         <input_file_ref idref="fl-dd"/>
      </object_component>
      <object_component id="oc-1a6">
         <name>.debug_info</name>
         <load_address>0x162ea</load_address>
         <run_address>0x162ea</run_address>
         <size>0x227</size>
         <input_file_ref idref="fl-de"/>
      </object_component>
      <object_component id="oc-a6">
         <name>.debug_info</name>
         <load_address>0x16511</load_address>
         <run_address>0x16511</run_address>
         <size>0x291</size>
         <input_file_ref idref="fl-de"/>
      </object_component>
      <object_component id="oc-389">
         <name>.debug_info</name>
         <load_address>0x167a2</load_address>
         <run_address>0x167a2</run_address>
         <size>0x9f</size>
      </object_component>
      <object_component id="oc-203">
         <name>.debug_line</name>
         <load_address>0x0</load_address>
         <run_address>0x0</run_address>
         <size>0xe4</size>
         <input_file_ref idref="fl-2"/>
      </object_component>
      <object_component id="oc-147">
         <name>.debug_line</name>
         <load_address>0xe4</load_address>
         <run_address>0xe4</run_address>
         <size>0x7f</size>
         <input_file_ref idref="fl-2"/>
      </object_component>
      <object_component id="oc-18d">
         <name>.debug_line</name>
         <load_address>0x163</load_address>
         <run_address>0x163</run_address>
         <size>0x39</size>
         <input_file_ref idref="fl-2"/>
      </object_component>
      <object_component id="oc-120">
         <name>.debug_line</name>
         <load_address>0x19c</load_address>
         <run_address>0x19c</run_address>
         <size>0x69</size>
         <input_file_ref idref="fl-2"/>
      </object_component>
      <object_component id="oc-197">
         <name>.debug_line</name>
         <load_address>0x205</load_address>
         <run_address>0x205</run_address>
         <size>0x3d</size>
         <input_file_ref idref="fl-2"/>
      </object_component>
      <object_component id="oc-207">
         <name>.debug_line</name>
         <load_address>0x242</load_address>
         <run_address>0x242</run_address>
         <size>0x41</size>
         <input_file_ref idref="fl-2"/>
      </object_component>
      <object_component id="oc-20c">
         <name>.debug_line</name>
         <load_address>0x283</load_address>
         <run_address>0x283</run_address>
         <size>0x3a</size>
         <input_file_ref idref="fl-2"/>
      </object_component>
      <object_component id="oc-47">
         <name>.debug_line</name>
         <load_address>0x2bd</load_address>
         <run_address>0x2bd</run_address>
         <size>0x20</size>
         <input_file_ref idref="fl-2"/>
      </object_component>
      <object_component id="oc-91">
         <name>.debug_line</name>
         <load_address>0x2dd</load_address>
         <run_address>0x2dd</run_address>
         <size>0x3d</size>
         <input_file_ref idref="fl-2"/>
      </object_component>
      <object_component id="oc-211">
         <name>.debug_line</name>
         <load_address>0x31a</load_address>
         <run_address>0x31a</run_address>
         <size>0x3b</size>
         <input_file_ref idref="fl-2"/>
      </object_component>
      <object_component id="oc-21a">
         <name>.debug_line</name>
         <load_address>0x355</load_address>
         <run_address>0x355</run_address>
         <size>0x6d</size>
         <input_file_ref idref="fl-2"/>
      </object_component>
      <object_component id="oc-114">
         <name>.debug_line</name>
         <load_address>0x3c2</load_address>
         <run_address>0x3c2</run_address>
         <size>0x6a</size>
         <input_file_ref idref="fl-2"/>
      </object_component>
      <object_component id="oc-96">
         <name>.debug_line</name>
         <load_address>0x42c</load_address>
         <run_address>0x42c</run_address>
         <size>0x3e</size>
         <input_file_ref idref="fl-2"/>
      </object_component>
      <object_component id="oc-188">
         <name>.debug_line</name>
         <load_address>0x46a</load_address>
         <run_address>0x46a</run_address>
         <size>0x65</size>
         <input_file_ref idref="fl-2"/>
      </object_component>
      <object_component id="oc-192">
         <name>.debug_line</name>
         <load_address>0x4cf</load_address>
         <run_address>0x4cf</run_address>
         <size>0x39</size>
         <input_file_ref idref="fl-2"/>
      </object_component>
      <object_component id="oc-11c">
         <name>.debug_line</name>
         <load_address>0x508</load_address>
         <run_address>0x508</run_address>
         <size>0x41</size>
         <input_file_ref idref="fl-3"/>
      </object_component>
      <object_component id="oc-3c">
         <name>.debug_line</name>
         <load_address>0x549</load_address>
         <run_address>0x549</run_address>
         <size>0x41</size>
         <input_file_ref idref="fl-3"/>
      </object_component>
      <object_component id="oc-28">
         <name>.debug_line</name>
         <load_address>0x58a</load_address>
         <run_address>0x58a</run_address>
         <size>0xa1</size>
         <input_file_ref idref="fl-3"/>
      </object_component>
      <object_component id="oc-2bf">
         <name>.debug_line</name>
         <load_address>0x62b</load_address>
         <run_address>0x62b</run_address>
         <size>0x20</size>
         <input_file_ref idref="fl-4"/>
      </object_component>
      <object_component id="oc-2b2">
         <name>.debug_line</name>
         <load_address>0x64b</load_address>
         <run_address>0x64b</run_address>
         <size>0x32</size>
         <input_file_ref idref="fl-4"/>
      </object_component>
      <object_component id="oc-2bd">
         <name>.debug_line</name>
         <load_address>0x67d</load_address>
         <run_address>0x67d</run_address>
         <size>0x32</size>
         <input_file_ref idref="fl-4"/>
      </object_component>
      <object_component id="oc-2b4">
         <name>.debug_line</name>
         <load_address>0x6af</load_address>
         <run_address>0x6af</run_address>
         <size>0x32</size>
         <input_file_ref idref="fl-4"/>
      </object_component>
      <object_component id="oc-2b0">
         <name>.debug_line</name>
         <load_address>0x6e1</load_address>
         <run_address>0x6e1</run_address>
         <size>0x32</size>
         <input_file_ref idref="fl-4"/>
      </object_component>
      <object_component id="oc-b4">
         <name>.debug_line</name>
         <load_address>0x713</load_address>
         <run_address>0x713</run_address>
         <size>0x283</size>
         <input_file_ref idref="fl-4"/>
      </object_component>
      <object_component id="oc-1c9">
         <name>.debug_line</name>
         <load_address>0x996</load_address>
         <run_address>0x996</run_address>
         <size>0x20</size>
         <input_file_ref idref="fl-4"/>
      </object_component>
      <object_component id="oc-1cf">
         <name>.debug_line</name>
         <load_address>0x9b6</load_address>
         <run_address>0x9b6</run_address>
         <size>0x65</size>
         <input_file_ref idref="fl-4"/>
      </object_component>
      <object_component id="oc-32c">
         <name>.debug_line</name>
         <load_address>0xa1b</load_address>
         <run_address>0xa1b</run_address>
         <size>0xeb</size>
         <input_file_ref idref="fl-5"/>
      </object_component>
      <object_component id="oc-32a">
         <name>.debug_line</name>
         <load_address>0xb06</load_address>
         <run_address>0xb06</run_address>
         <size>0x40</size>
         <input_file_ref idref="fl-5"/>
      </object_component>
      <object_component id="oc-236">
         <name>.debug_line</name>
         <load_address>0xb46</load_address>
         <run_address>0xb46</run_address>
         <size>0xaa</size>
         <input_file_ref idref="fl-5"/>
      </object_component>
      <object_component id="oc-214">
         <name>.debug_line</name>
         <load_address>0xbf0</load_address>
         <run_address>0xbf0</run_address>
         <size>0x1db</size>
         <input_file_ref idref="fl-6"/>
      </object_component>
      <object_component id="oc-201">
         <name>.debug_line</name>
         <load_address>0xdcb</load_address>
         <run_address>0xdcb</run_address>
         <size>0x38</size>
         <input_file_ref idref="fl-6"/>
      </object_component>
      <object_component id="oc-216">
         <name>.debug_line</name>
         <load_address>0xe03</load_address>
         <run_address>0xe03</run_address>
         <size>0x38</size>
         <input_file_ref idref="fl-6"/>
      </object_component>
      <object_component id="oc-39">
         <name>.debug_line</name>
         <load_address>0xe3b</load_address>
         <run_address>0xe3b</run_address>
         <size>0x185</size>
         <input_file_ref idref="fl-6"/>
      </object_component>
      <object_component id="oc-119">
         <name>.debug_line</name>
         <load_address>0xfc0</load_address>
         <run_address>0xfc0</run_address>
         <size>0x55</size>
         <input_file_ref idref="fl-6"/>
      </object_component>
      <object_component id="oc-326">
         <name>.debug_line</name>
         <load_address>0x1015</load_address>
         <run_address>0x1015</run_address>
         <size>0x102</size>
         <input_file_ref idref="fl-7"/>
      </object_component>
      <object_component id="oc-230">
         <name>.debug_line</name>
         <load_address>0x1117</load_address>
         <run_address>0x1117</run_address>
         <size>0x81</size>
         <input_file_ref idref="fl-7"/>
      </object_component>
      <object_component id="oc-31e">
         <name>.debug_line</name>
         <load_address>0x1198</load_address>
         <run_address>0x1198</run_address>
         <size>0x39</size>
         <input_file_ref idref="fl-8"/>
      </object_component>
      <object_component id="oc-31c">
         <name>.debug_line</name>
         <load_address>0x11d1</load_address>
         <run_address>0x11d1</run_address>
         <size>0x3b</size>
         <input_file_ref idref="fl-8"/>
      </object_component>
      <object_component id="oc-31a">
         <name>.debug_line</name>
         <load_address>0x120c</load_address>
         <run_address>0x120c</run_address>
         <size>0x3b</size>
         <input_file_ref idref="fl-8"/>
      </object_component>
      <object_component id="oc-163">
         <name>.debug_line</name>
         <load_address>0x1247</load_address>
         <run_address>0x1247</run_address>
         <size>0xbe</size>
         <input_file_ref idref="fl-8"/>
      </object_component>
      <object_component id="oc-27c">
         <name>.debug_line</name>
         <load_address>0x1305</load_address>
         <run_address>0x1305</run_address>
         <size>0x65</size>
         <input_file_ref idref="fl-8"/>
      </object_component>
      <object_component id="oc-286">
         <name>.debug_line</name>
         <load_address>0x136a</load_address>
         <run_address>0x136a</run_address>
         <size>0x3d</size>
         <input_file_ref idref="fl-8"/>
      </object_component>
      <object_component id="oc-184">
         <name>.debug_line</name>
         <load_address>0x13a7</load_address>
         <run_address>0x13a7</run_address>
         <size>0x52</size>
         <input_file_ref idref="fl-9"/>
      </object_component>
      <object_component id="oc-15e">
         <name>.debug_line</name>
         <load_address>0x13f9</load_address>
         <run_address>0x13f9</run_address>
         <size>0x39</size>
         <input_file_ref idref="fl-9"/>
      </object_component>
      <object_component id="oc-182">
         <name>.debug_line</name>
         <load_address>0x1432</load_address>
         <run_address>0x1432</run_address>
         <size>0x39</size>
         <input_file_ref idref="fl-9"/>
      </object_component>
      <object_component id="oc-33">
         <name>.debug_line</name>
         <load_address>0x146b</load_address>
         <run_address>0x146b</run_address>
         <size>0x13b</size>
         <input_file_ref idref="fl-9"/>
      </object_component>
      <object_component id="oc-2e">
         <name>.debug_line</name>
         <load_address>0x15a6</load_address>
         <run_address>0x15a6</run_address>
         <size>0xce</size>
         <input_file_ref idref="fl-a"/>
      </object_component>
      <object_component id="oc-2cc">
         <name>.debug_line</name>
         <load_address>0x1674</load_address>
         <run_address>0x1674</run_address>
         <size>0x8d</size>
         <input_file_ref idref="fl-c"/>
      </object_component>
      <object_component id="oc-fc">
         <name>.debug_line</name>
         <load_address>0x1701</load_address>
         <run_address>0x1701</run_address>
         <size>0x343</size>
         <input_file_ref idref="fl-c"/>
      </object_component>
      <object_component id="oc-1f6">
         <name>.debug_line</name>
         <load_address>0x1a44</load_address>
         <run_address>0x1a44</run_address>
         <size>0x41</size>
         <input_file_ref idref="fl-c"/>
      </object_component>
      <object_component id="oc-2d0">
         <name>.debug_line</name>
         <load_address>0x1a85</load_address>
         <run_address>0x1a85</run_address>
         <size>0x38</size>
         <input_file_ref idref="fl-c"/>
      </object_component>
      <object_component id="oc-320">
         <name>.debug_line</name>
         <load_address>0x1abd</load_address>
         <run_address>0x1abd</run_address>
         <size>0x20</size>
         <input_file_ref idref="fl-d"/>
      </object_component>
      <object_component id="oc-169">
         <name>.debug_line</name>
         <load_address>0x1add</load_address>
         <run_address>0x1add</run_address>
         <size>0xe6</size>
         <input_file_ref idref="fl-d"/>
      </object_component>
      <object_component id="oc-226">
         <name>.debug_line</name>
         <load_address>0x1bc3</load_address>
         <run_address>0x1bc3</run_address>
         <size>0x65</size>
         <input_file_ref idref="fl-f"/>
      </object_component>
      <object_component id="oc-278">
         <name>.debug_line</name>
         <load_address>0x1c28</load_address>
         <run_address>0x1c28</run_address>
         <size>0xb9</size>
         <input_file_ref idref="fl-10"/>
      </object_component>
      <object_component id="oc-156">
         <name>.debug_line</name>
         <load_address>0x1ce1</load_address>
         <run_address>0x1ce1</run_address>
         <size>0x31</size>
         <input_file_ref idref="fl-10"/>
      </object_component>
      <object_component id="oc-293">
         <name>.debug_line</name>
         <load_address>0x1d12</load_address>
         <run_address>0x1d12</run_address>
         <size>0x31</size>
         <input_file_ref idref="fl-10"/>
      </object_component>
      <object_component id="oc-29d">
         <name>.debug_line</name>
         <load_address>0x1d43</load_address>
         <run_address>0x1d43</run_address>
         <size>0x31</size>
         <input_file_ref idref="fl-10"/>
      </object_component>
      <object_component id="oc-29f">
         <name>.debug_line</name>
         <load_address>0x1d74</load_address>
         <run_address>0x1d74</run_address>
         <size>0x31</size>
         <input_file_ref idref="fl-10"/>
      </object_component>
      <object_component id="oc-297">
         <name>.debug_line</name>
         <load_address>0x1da5</load_address>
         <run_address>0x1da5</run_address>
         <size>0x31</size>
         <input_file_ref idref="fl-10"/>
      </object_component>
      <object_component id="oc-29b">
         <name>.debug_line</name>
         <load_address>0x1dd6</load_address>
         <run_address>0x1dd6</run_address>
         <size>0x31</size>
         <input_file_ref idref="fl-10"/>
      </object_component>
      <object_component id="oc-295">
         <name>.debug_line</name>
         <load_address>0x1e07</load_address>
         <run_address>0x1e07</run_address>
         <size>0x31</size>
         <input_file_ref idref="fl-10"/>
      </object_component>
      <object_component id="oc-299">
         <name>.debug_line</name>
         <load_address>0x1e38</load_address>
         <run_address>0x1e38</run_address>
         <size>0x31</size>
         <input_file_ref idref="fl-10"/>
      </object_component>
      <object_component id="oc-86">
         <name>.debug_line</name>
         <load_address>0x1e69</load_address>
         <run_address>0x1e69</run_address>
         <size>0xde4</size>
         <input_file_ref idref="fl-10"/>
      </object_component>
      <object_component id="oc-15b">
         <name>.debug_line</name>
         <load_address>0x2c4d</load_address>
         <run_address>0x2c4d</run_address>
         <size>0x39</size>
         <input_file_ref idref="fl-10"/>
      </object_component>
      <object_component id="oc-281">
         <name>.debug_line</name>
         <load_address>0x2c86</load_address>
         <run_address>0x2c86</run_address>
         <size>0x31</size>
         <input_file_ref idref="fl-10"/>
      </object_component>
      <object_component id="oc-1c1">
         <name>.debug_line</name>
         <load_address>0x2cb7</load_address>
         <run_address>0x2cb7</run_address>
         <size>0x5b</size>
         <input_file_ref idref="fl-cc"/>
      </object_component>
      <object_component id="oc-4d">
         <name>.debug_line</name>
         <load_address>0x2d12</load_address>
         <run_address>0x2d12</run_address>
         <size>0x88</size>
         <input_file_ref idref="fl-cd"/>
      </object_component>
      <object_component id="oc-139">
         <name>.debug_line</name>
         <load_address>0x2d9a</load_address>
         <run_address>0x2d9a</run_address>
         <size>0x79</size>
         <input_file_ref idref="fl-ce"/>
      </object_component>
      <object_component id="oc-229">
         <name>.debug_line</name>
         <load_address>0x2e13</load_address>
         <run_address>0x2e13</run_address>
         <size>0x9e</size>
         <input_file_ref idref="fl-cf"/>
      </object_component>
      <object_component id="oc-5e">
         <name>.debug_line</name>
         <load_address>0x2eb1</load_address>
         <run_address>0x2eb1</run_address>
         <size>0x4f</size>
         <input_file_ref idref="fl-cf"/>
      </object_component>
[...]
         <value>0x27ff</value>
         <object_component_ref idref="oc-2f"/>
      </symbol>
      <symbol id="sm-21d">
         <name>vPortEndScheduler</name>
         <value>0x27a1</value>
         <object_component_ref idref="oc-2f"/>
      </symbol>
      <symbol id="sm-21e">
         <name>xPortSysTickHandler</name>
         <value>0x27d9</value>
         <object_component_ref idref="oc-2f"/>
      </symbol>
      <symbol id="sm-21f">
         <name>pxPortInitialiseStack</name>
         <value>0x2701</value>
         <object_component_ref idref="oc-2f"/>
      </symbol>
      <symbol id="sm-220">
         <name>vPortExitCritical</name>
         <value>0x27c3</value>
         <object_component_ref idref="oc-2f"/>
      </symbol>
      <symbol id="sm-221">
         <name>xPortStartScheduler</name>
         <value>0x276b</value>
         <object_component_ref idref="oc-2f"/>
      </symbol>
      <symbol id="sm-222">
         <name>vPortEnterCritical</name>
         <value>0x27a3</value>
         <object_component_ref idref="oc-2f"/>
      </symbol>
      <symbol id="sm-231">
         <name>vPortStartFirstTask</name>
         <value>0x2f9d</value>
         <object_component_ref idref="oc-2a"/>
      </symbol>
      <symbol id="sm-232">
         <name>ulPortGetIPSR</name>
         <value>0x2f05</value>
         <object_component_ref idref="oc-2a"/>
      </symbol>
      <symbol id="sm-233">
         <name>vPortEnableVFP</name>
         <value>0x2fc1</value>
         <object_component_ref idref="oc-2a"/>
      </symbol>
      <symbol id="sm-234">
         <name>xPortPendSVHandler</name>
         <value>0x2f1d</value>
         <object_component_ref idref="oc-2a"/>
      </symbol>
      <symbol id="sm-235">
         <name>vPortSVCHandler</name>
         <value>0x2f7d</value>
         <object_component_ref idref="oc-2a"/>
      </symbol>
      <symbol id="sm-278">
         <name>uxEventGroupGetNumber</name>
         <value>0x2431</value>
         <object_component_ref idref="oc-f8"/>
      </symbol>
      <symbol id="sm-279">
         <name>xEventGroupSetBits</name>
         <value>0x22a7</value>
         <object_component_ref idref="oc-f8"/>
      </symbol>
      <symbol id="sm-27a">
         <name>xEventGroupCreate</name>
         <value>0x1ff1</value>
         <object_component_ref idref="oc-f8"/>
      </symbol>
      <symbol id="sm-27b">
         <name>vEventGroupSetNumber</name>
         <value>0x2451</value>
         <object_component_ref idref="oc-f8"/>
      </symbol>
      <symbol id="sm-27c">
         <name>vEventGroupSetBitsCallback</name>
         <value>0x23c9</value>
         <object_component_ref idref="oc-f8"/>
      </symbol>
      <symbol id="sm-27d">
         <name>xEventGroupWaitBits</name>
         <value>0x2121</value>
         <object_component_ref idref="oc-f8"/>
      </symbol>
      <symbol id="sm-27e">
         <name>xEventGroupSync</name>
         <value>0x2011</value>
         <object_component_ref idref="oc-f8"/>
      </symbol>
      <symbol id="sm-27f">
         <name>vEventGroupDelete</name>
         <value>0x2395</value>
         <object_component_ref idref="oc-f8"/>
      </symbol>
      <symbol id="sm-280">
         <name>xEventGroupGetBitsFromISR</name>
         <value>0x2273</value>
         <object_component_ref idref="oc-f8"/>
      </symbol>
      <symbol id="sm-281">
         <name>vEventGroupClearBitsCallback</name>
         <value>0x23db</value>
         <object_component_ref idref="oc-f8"/>
      </symbol>
      <symbol id="sm-282">
         <name>xEventGroupClearBits</name>
         <value>0x2245</value>
         <object_component_ref idref="oc-f8"/>
      </symbol>
      <symbol id="sm-298">
         <name>uxListRemove</name>
         <value>0x2b8f</value>
         <object_component_ref idref="oc-165"/>
      </symbol>
      <symbol id="sm-299">
         <name>vListInsert</name>
         <value>0x2b21</value>
         <object_component_ref idref="oc-165"/>
      </symbol>
      <symbol id="sm-29a">
         <name>vListInitialiseItem</name>
         <value>0x2ad5</value>
         <object_component_ref idref="oc-165"/>
      </symbol>
      <symbol id="sm-29b">
         <name>vListInsertEnd</name>
         <value>0x2ae5</value>
         <object_component_ref idref="oc-165"/>
      </symbol>
      <symbol id="sm-29c">
         <name>vListInitialise</name>
         <value>0x2aa5</value>
         <object_component_ref idref="oc-165"/>
      </symbol>
      <symbol id="sm-48a">
         <name>vTaskDelay</name>
         <value>0x5c3</value>
         <object_component_ref idref="oc-82"/>
      </symbol>
      <symbol id="sm-48b">
         <name>vTaskSuspendAll</name>
         <value>0xaa9</value>
         <object_component_ref idref="oc-82"/>
      </symbol>
      <symbol id="sm-48c">
         <name>vTaskPlaceOnEventList</name>
         <value>0xe53</value>
         <object_component_ref idref="oc-82"/>
      </symbol>
      <symbol id="sm-48d">
         <name>vTaskSetTaskNumber</name>
         <value>0x1095</value>
         <object_component_ref idref="oc-82"/>
      </symbol>
      <symbol id="sm-48e">
         <name>uxTaskPriorityGetFromISR</name>
         <value>0x6e1</value>
         <object_component_ref idref="oc-82"/>
      </symbol>
      <symbol id="sm-48f">
         <name>ulTaskNotifyTake</name>
         <value>0x1641</value>
         <object_component_ref idref="oc-82"/>
      </symbol>
      <symbol id="sm-490">
         <name>pcTaskGetName</name>
         <value>0xbe1</value>
         <object_component_ref idref="oc-82"/>
      </symbol>
      <symbol id="sm-491">
         <name>xTaskCheckForTimeOut</name>
         <value>0xfdd</value>
         <object_component_ref idref="oc-82"/>
      </symbol>
      <symbol id="sm-492">
         <name>vTaskRemoveFromUnorderedEventList</name>
         <value>0xf31</value>
         <object_component_ref idref="oc-82"/>
      </symbol>
      <symbol id="sm-493">
         <name>vTaskPrioritySet</name>
         <value>0x72d</value>
         <object_component_ref idref="oc-82"/>
      </symbol>
      <symbol id="sm-494">
         <name>xTaskPriorityDisinherit</name>
         <value>0x1489</value>
         <object_component_ref idref="oc-82"/>
      </symbol>
      <symbol id="sm-495">
         <name>vTaskStartScheduler</name>
         <value>0xa3d</value>
         <object_component_ref idref="oc-82"/>
      </symbol>
      <symbol id="sm-496">
         <name>vTaskInternalSetTimeOutState</name>
         <value>0xfb5</value>
         <object_component_ref idref="oc-82"/>
      </symbol>
      <symbol id="sm-497">
         <name>xTaskNotifyStateClear</name>
         <value>0x1a05</value>
         <object_component_ref idref="oc-82"/>
      </symbol>
      <symbol id="sm-498">
         <name>pvTaskIncrementMutexHeldCount</name>
         <value>0x1623</value>
         <object_component_ref idref="oc-82"/>
      </symbol>
      <symbol id="sm-499">
         <name>uxTaskGetStackHighWaterMark</name>
         <value>0x12f9</value>
         <object_component_ref idref="oc-82"/>
      </symbol>
      <symbol id="sm-49a">
         <name>xTaskGenericNotify</name>
         <value>0x1773</value>
         <object_component_ref idref="oc-82"/>
      </symbol>
      <symbol id="sm-49b">
         <name>vTaskPriorityDisinheritAfterTimeout</name>
         <value>0x1527</value>
         <object_component_ref idref="oc-82"/>
      </symbol>
      <symbol id="sm-49c">
         <name>xTaskCreate</name>
         <value>0x26d</value>
         <object_component_ref idref="oc-82"/>
      </symbol>
      <symbol id="sm-49d">
         <name>vTaskDelayUntil</name>
         <value>0x515</value>
         <object_component_ref idref="oc-82"/>
      </symbol>
      <symbol id="sm-49e">
         <name>uxTaskGetTaskNumber</name>
         <value>0x1071</value>
         <object_component_ref idref="oc-82"/>
      </symbol>
      <symbol id="sm-49f">
         <name>vTaskEndScheduler</name>
         <value>0xa8d</value>
         <object_component_ref idref="oc-82"/>
      </symbol>
      <symbol id="sm-4a0">
         <name>xTaskNotifyWait</name>
         <value>0x16c9</value>
         <object_component_ref idref="oc-82"/>
      </symbol>
      <symbol id="sm-4a1">
         <name>vTaskMissedYield</name>
         <value>0x1069</value>
         <object_component_ref idref="oc-82"/>
      </symbol>
      <symbol id="sm-4a2">
         <name>uxTaskGetNumberOfTasks</name>
         <value>0xbdb</value>
         <object_component_ref idref="oc-82"/>
      </symbol>
      <symbol id="sm-4a3">
         <name>xTaskGenericNotifyFromISR</name>
         <value>0x184d</value>
         <object_component_ref idref="oc-82"/>
      </symbol>
      <symbol id="sm-4a4">
         <name>vTaskGetInfo</name>
         <value>0x116d</value>
         <object_component_ref idref="oc-82"/>
      </symbol>
      <symbol id="sm-4a5">
         <name>uxTaskPriorityGet</name>
         <value>0x6b5</value>
         <object_component_ref idref="oc-82"/>
      </symbol>
      <symbol id="sm-4a6">
         <name>xTaskResumeAll</name>
         <value>0xac1</value>
         <object_component_ref idref="oc-82"/>
      </symbol>
      <symbol id="sm-4a7">
         <name>xTaskGetTickCount</name>
         <value>0xb91</value>
         <object_component_ref idref="oc-82"/>
      </symbol>
      <symbol id="sm-4a8">
         <name>uxTaskGetSystemState</name>
         <value>0xc05</value>
         <object_component_ref idref="oc-82"/>
      </symbol>
      <symbol id="sm-4a9">
         <name>vTaskDelete</name>
         <value>0x467</value>
         <object_component_ref idref="oc-82"/>
      </symbol>
      <symbol id="sm-4aa">
         <name>pxCurrentTCB</name>
         <value>0x200078e8</value>
         <object_component_ref idref="oc-7c"/>
      </symbol>
      <symbol id="sm-4ab">
         <name>vTaskNotifyGiveFromISR</name>
         <value>0x1959</value>
         <object_component_ref idref="oc-82"/>
      </symbol>
      <symbol id="sm-4ac">
         <name>eTaskGetState</name>
         <value>0x605</value>
         <object_component_ref idref="oc-82"/>
      </symbol>
      <symbol id="sm-4ad">
         <name>vTaskSuspend</name>
         <value>0x839</value>
         <object_component_ref idref="oc-82"/>
      </symbol>
      <symbol id="sm-4ae">
         <name>xTaskGetTickCountFromISR</name>
         <value>0xbad</value>
         <object_component_ref idref="oc-82"/>
      </symbol>
      <symbol id="sm-4af">
         <name>vTaskResume</name>
         <value>0x94d</value>
         <object_component_ref idref="oc-82"/>
      </symbol>
      <symbol id="sm-4b0">
         <name>vTaskSetTimeOutState</name>
         <value>0xf97</value>
         <object_component_ref idref="oc-82"/>
      </symbol>
      <symbol id="sm-4b1">
         <name>xTaskIncrementTick</name>
         <value>0xcf1</value>
         <object_component_ref idref="oc-82"/>
      </symbol>
      <symbol id="sm-4b2">
         <name>vTaskSwitchContext</name>
         <value>0xdf1</value>
         <object_component_ref idref="oc-82"/>
      </symbol>
      <symbol id="sm-4b3">
         <name>uxTaskResetEventItemValue</name>
         <value>0x15fd</value>
         <object_component_ref idref="oc-82"/>
      </symbol>
      <symbol id="sm-4b4">
         <name>xTaskResumeFromISR</name>
         <value>0x9b3</value>
         <object_component_ref idref="oc-82"/>
      </symbol>
      <symbol id="sm-4b5">
         <name>xTaskGetCurrentTaskHandle</name>
         <value>0x1375</value>
         <object_component_ref idref="oc-82"/>
      </symbol>
      <symbol id="sm-4b6">
         <name>vTaskPlaceOnUnorderedEventList</name>
         <value>0xe73</value>
         <object_component_ref idref="oc-82"/>
      </symbol>
      <symbol id="sm-4b7">
         <name>xTaskRemoveFromEventList</name>
         <value>0xea9</value>
         <object_component_ref idref="oc-82"/>
      </symbol>
      <symbol id="sm-4b8">
         <name>xTaskPriorityInherit</name>
         <value>0x13a9</value>
         <object_component_ref idref="oc-82"/>
      </symbol>
      <symbol id="sm-4c8">
         <name>__aeabi_uidivmod</name>
         <value>0x34b9</value>
         <object_component_ref idref="oc-1bd"/>
      </symbol>
      <symbol id="sm-4c9">
         <name>__aeabi_uidiv</name>
         <value>0x34b9</value>
         <object_component_ref idref="oc-1bd"/>
      </symbol>
      <symbol id="sm-4e4">
         <name>memcpy</name>
         <value>0x3141</value>
         <object_component_ref idref="oc-49"/>
      </symbol>
      <symbol id="sm-4e5">
         <name>__aeabi_memcpy</name>
         <value>0x3141</value>
         <object_component_ref idref="oc-49"/>
      </symbol>
      <symbol id="sm-4e6">
         <name>__aeabi_memcpy8</name>
         <value>0x3141</value>
         <object_component_ref idref="oc-49"/>
      </symbol>
      <symbol id="sm-4e7">
         <name>__aeabi_memcpy4</name>
         <value>0x3141</value>
         <object_component_ref idref="oc-49"/>
      </symbol>
      <symbol id="sm-4f6">
         <name>__aeabi_memset</name>
         <value>0x31df</value>
         <object_component_ref idref="oc-137"/>
      </symbol>
      <symbol id="sm-4f7">
         <name>memset</name>
         <value>0x31e5</value>
         <object_component_ref idref="oc-137"/>
      </symbol>
      <symbol id="sm-4f8">
         <name>__aeabi_memset8</name>
         <value>0x31df</value>
         <object_component_ref idref="oc-137"/>
      </symbol>
      <symbol id="sm-4f9">
         <name>__aeabi_memset4</name>
         <value>0x31df</value>
         <object_component_ref idref="oc-137"/>
      </symbol>
      <symbol id="sm-4fa">
         <name>__aeabi_memclr8</name>
         <value>0x31dd</value>
         <object_component_ref idref="oc-137"/>
      </symbol>
      <symbol id="sm-4fb">
         <name>__aeabi_memclr4</name>
         <value>0x31dd</value>
         <object_component_ref idref="oc-137"/>
      </symbol>
      <symbol id="sm-4fc">
         <name>__aeabi_memclr</name>
         <value>0x31dd</value>
         <object_component_ref idref="oc-137"/>
      </symbol>
      <symbol id="sm-50e">
         <name>__TI_zero_init</name>
         <value>0x36ef</value>
         <object_component_ref idref="oc-5b"/>
      </symbol>
      <symbol id="sm-525">
         <name>__TI_decompress_none</name>
         <value>0x36e1</value>
         <object_component_ref idref="oc-18"/>
      </symbol>
      <symbol id="sm-548">
         <name>__TI_decompress_lzss</name>
         <value>0x332d</value>
         <object_component_ref idref="oc-12"/>
      </symbol>
      <symbol id="sm-55b">
         <name>__stack</name>
         <value>0x200076e8</value>
         <object_component_ref idref="oc-21"/>
      </symbol>
      <symbol id="sm-55c">
         <name>_c_int00_noargs</name>
         <value>0x356d</value>
         <object_component_ref idref="oc-67"/>
      </symbol>
      <symbol id="sm-567">
         <name>C$$EXIT</name>
         <value>0x372f</value>
         <object_component_ref idref="oc-239"/>
      </symbol>
      <symbol id="sm-568">
         <name>abort</name>
         <value>0x372f</value>
         <object_component_ref idref="oc-239"/>
      </symbol>
      <symbol id="sm-574">
         <name>__aeabi_idiv0</name>
         <value>0x2463</value>
         <object_component_ref idref="oc-2b5"/>
      </symbol>
      <symbol id="sm-575">
         <name>__aeabi_ldiv0</name>
         <value>0x2463</value>
         <object_component_ref idref="oc-2b5"/>
      </symbol>
      <symbol id="sm-59d">
         <name>__TI_auto_init_nobinit_nopinit</name>
         <value>0x3435</value>
         <object_component_ref idref="oc-245"/>
      </symbol>
      <symbol id="sm-5a7">
         <name>_system_pre_init</name>
         <value>0x372b</value>
         <object_component_ref idref="oc-13d"/>
      </symbol>
      <symbol id="sm-64f">
         <name>CANMessageGet</name>
         <value>0x2ce9</value>
         <object_component_ref idref="oc-fe"/>
      </symbol>
      <symbol id="sm-650">
         <name>CANBitRateSet</name>
         <value>0x3259</value>
         <object_component_ref idref="oc-da"/>
      </symbol>
      <symbol id="sm-651">
         <name>CANEnable</name>
         <value>0x3707</value>
         <object_component_ref idref="oc-ec"/>
      </symbol>
      <symbol id="sm-652">
         <name>CANStatusGet</name>
         <value>0x3479</value>
         <object_component_ref idref="oc-bc"/>
      </symbol>
      <symbol id="sm-653">
         <name>CANMessageSet</name>
         <value>0x283d</value>
         <object_component_ref idref="oc-f2"/>
      </symbol>
      <symbol id="sm-654">
         <name>CANIntClear</name>
         <value>0x3651</value>
         <object_component_ref idref="oc-c2"/>
      </symbol>
      <symbol id="sm-655">
         <name>CANIntStatus</name>
         <value>0x3673</value>
         <object_component_ref idref="oc-b6"/>
      </symbol>
      <symbol id="sm-656">
         <name>CANInit</name>
         <value>0x34f9</value>
         <object_component_ref idref="oc-ce"/>
      </symbol>
      <symbol id="sm-657">
         <name>CANIntEnable</name>
         <value>0x3711</value>
         <object_component_ref idref="oc-e0"/>
      </symbol>
      <symbol id="sm-6b1">
         <name>GPIOPinConfigure</name>
         <value>0x33ed</value>
         <object_component_ref idref="oc-9e"/>
      </symbol>
      <symbol id="sm-6b2">
         <name>GPIOPinTypeGPIOInput</name>
         <value>0x36bd</value>
         <object_component_ref idref="oc-2e7"/>
      </symbol>
      <symbol id="sm-6b3">
         <name>GPIOPinTypeUART</name>
         <value>0x36cf</value>
         <object_component_ref idref="oc-aa"/>
      </symbol>
      <symbol id="sm-6b4">
         <name>GPIOPinTypeGPIOOutput</name>
         <value>0x3693</value>
         <object_component_ref idref="oc-2d9"/>
      </symbol>
      <symbol id="sm-6b5">
         <name>GPIOPinRead</name>
         <value>0x3719</value>
         <object_component_ref idref="oc-2ed"/>
      </symbol>
      <symbol id="sm-6b6">
         <name>GPIODirModeSet</name>
         <value>0x35d9</value>
         <object_component_ref idref="oc-1a7"/>
      </symbol>
      <symbol id="sm-6b7">
         <name>GPIOPinWrite</name>
         <value>0x371f</value>
         <object_component_ref idref="oc-2df"/>
      </symbol>
      <symbol id="sm-6b8">
         <name>GPIOPadConfigSet</name>
         <value>0x2973</value>
         <object_component_ref idref="oc-1ad"/>
      </symbol>
      <symbol id="sm-6b9">
         <name>GPIOPinTypeCAN</name>
         <value>0x36ab</value>
         <object_component_ref idref="oc-c8"/>
      </symbol>
      <symbol id="sm-6e0">
         <name>IntEnable</name>
         <value>0x32c5</value>
         <object_component_ref idref="oc-e6"/>
      </symbol>
      <symbol id="sm-725">
         <name>SysCtlPeripheralEnable</name>
         <value>0x35a5</value>
         <object_component_ref idref="oc-98"/>
      </symbol>
      <symbol id="sm-726">
         <name>SysCtlClockGet</name>
         <value>0x2bd9</value>
         <object_component_ref idref="oc-d4"/>
      </symbol>
      <symbol id="sm-727">
         <name>SysCtlPeripheralReady</name>
         <value>0x3535</value>
         <object_component_ref idref="oc-2d3"/>
      </symbol>
      <symbol id="sm-734">
         <name>UARTClockSourceSet</name>
         <value>0x3725</value>
         <object_component_ref idref="oc-a4"/>
      </symbol>
      <symbol id="sm-736">
         <name>__TI_static_base__</name>
         <value>0x0</value>
      </symbol>
      <symbol id="sm-739">
         <name>__mpu_init</name>
         <value>0x0</value>
      </symbol>
      <symbol id="sm-73a">
         <name>_system_post_cinit</name>
         <value>0x0</value>
      </symbol>
   </symbol_table>
   <title>Link successful</title>
</link_info>
